[demo.xpeedstudio.com/evenex/meetup/index.html]
[backblue.gif]
[fade.gif]
[index.html]
[demo.xpeedstudio.com/evenex/meetup/wp-content/plugins/evenex-essential/modules/elements/assets/css/widget-styles-pro4963.css]
[demo.xpeedstudio.com/evenex/meetup/wp-content/plugins/elementor/assets/css/frontend-legacy.mina25a.css]
[demo.xpeedstudio.com/evenex/meetup/wp-content/plugins/elementor/assets/css/frontend.mina25a.css]
[demo.xpeedstudio.com/evenex/meetup/feed/index.html]
[demo.xpeedstudio.com/evenex/meetup/comments/feed/index.html]
[demo.xpeedstudio.com/evenex/meetup/wp-content/uploads/sites/3/elementor/css/post-3035aaf0.css]
[demo.xpeedstudio.com/evenex/meetup/wp-content/plugins/elementor/assets/lib/font-awesome/css/all.mina25a.css]
[demo.xpeedstudio.com/evenex/meetup/wp-content/plugins/elementor/assets/lib/font-awesome/css/v4-shims.mina25a.css]
[demo.xpeedstudio.com/evenex/meetup/wp-content/uploads/sites/3/elementor/css/post-2599aaf0.css]
[demo.xpeedstudio.com/evenex/meetup/wp-includes/css/dist/block-library/style.min76f9.css]
[demo.xpeedstudio.com/evenex/meetup/wp-includes/css/dist/block-library/theme.min76f9.css]
[demo.xpeedstudio.com/evenex/meetup/wp-content/plugins/woocommerce/packages/woocommerce-blocks/build/wc-blocks-vendors-style5379.css]
[demo.xpeedstudio.com/evenex/meetup/wp-content/plugins/woocommerce/packages/woocommerce-blocks/build/wc-blocks-style5379.css]
[demo.xpeedstudio.com/evenex/meetup/wp-content/plugins/woocommerce/assets/css/woocommerce-layout3781.css]
[demo.xpeedstudio.com/evenex/meetup/wp-content/plugins/woocommerce/assets/css/woocommerce-smallscreen3781.css]
[demo.xpeedstudio.com/evenex/meetup/wp-content/plugins/woocommerce/assets/css/woocommerce3781.css]
[demo.xpeedstudio.com/evenex/meetup/wp-content/plugins/wp-social/assets/css/frontend76f9.css]
[demo.xpeedstudio.com/evenex/meetup/wp-content/plugins/wp-social/assets/css/font-icon76f9.css]
[demo.xpeedstudio.com/evenex/meetup/wp-content/plugins/wp-user-avatar/assets/css/frontend.min26ef.css]
[demo.xpeedstudio.com/evenex/meetup/wp-content/plugins/wp-user-avatar/assets/flatpickr/flatpickr.min26ef.css]
[demo.xpeedstudio.com/evenex/meetup/wp-content/plugins/wp-user-avatar/assets/select2/select2.min76f9.css]
[demo.xpeedstudio.com/evenex/meetup/wp-content/plugins/wp-event-solution/assets/css/font-awesome5597.css]
[demo.xpeedstudio.com/evenex/meetup/wp-content/plugins/wp-event-solution/build/index6e0e.css]
[demo.xpeedstudio.com/evenex/meetup/wp-content/plugins/wp-event-solution/assets/css/event-manager-public6e0e.css]
[demo.xpeedstudio.com/evenex/meetup/wp-content/plugins/elementskit-lite/modules/elementskit-icon-pack/assets/css/ekiticons91ee.css]
[demo.xpeedstudio.com/evenex/meetup/wp-content/plugins/evenex-essential/modules/parallax/assets/css/style7fb9.css]
[demo.xpeedstudio.com/evenex/meetup/wp-content/plugins/elementor/assets/lib/eicons/css/elementor-icons.mine900.css]
[demo.xpeedstudio.com/evenex/meetup/wp-content/uploads/sites/3/elementor/css/post-48077ba3.css]
[demo.xpeedstudio.com/evenex/meetup/wp-content/uploads/sites/3/elementor/css/global7ba3.css]
[demo.xpeedstudio.com/evenex/meetup/wp-content/uploads/sites/3/elementor/css/post-844efef.css]
[demo.xpeedstudio.com/evenex/meetup/wp-content/themes/evenex/assets/css/bootstrap.min7ef2.css]
[demo.xpeedstudio.com/evenex/meetup/wp-content/themes/evenex/assets/css/fontawesome.min7ef2.css]
[demo.xpeedstudio.com/evenex/meetup/wp-content/plugins/woocommerce/assets/css/select23781.css]
[demo.xpeedstudio.com/evenex/meetup/wp-content/themes/evenex/assets/css/image-choose-control7ef2.css]
[demo.xpeedstudio.com/evenex/meetup/wp-content/themes/evenex/assets/css/iconfont7ef2.css]
[demo.xpeedstudio.com/evenex/meetup/wp-content/themes/evenex/assets/css/grid-line-parallax7ef2.css]
[demo.xpeedstudio.com/evenex/meetup/wp-content/themes/evenex/assets/css/blog7ef2.css]
[demo.xpeedstudio.com/evenex/meetup/wp-content/themes/evenex/assets/css/master3ca6.css]
[demo.xpeedstudio.com/evenex/meetup/wp-content/plugins/elementskit-lite/widgets/init/assets/css/widget-styles91ee.css]
[demo.xpeedstudio.com/evenex/meetup/wp-content/plugins/elementskit-lite/widgets/init/assets/css/responsive91ee.css]
[demo.xpeedstudio.com/evenex/meetup/wp-content/plugins/elementor/assets/lib/font-awesome/css/fontawesome.min52d5.css]
[demo.xpeedstudio.com/evenex/meetup/wp-content/plugins/elementor/assets/lib/font-awesome/css/solid.min52d5.css]
[demo.xpeedstudio.com/evenex/meetup/wp-content/plugins/elementor/assets/lib/font-awesome/css/brands.min52d5.css]
[demo.xpeedstudio.com/evenex/meetup/wp-content/plugins/elementor/assets/lib/font-awesome/js/v4-shims.mina25a.js]
[demo.xpeedstudio.com/evenex/meetup/wp-includes/js/jquery/jquery.min9d52.js]
[demo.xpeedstudio.com/evenex/meetup/wp-includes/js/jquery/jquery-migrate.mind617.js]
[demo.xpeedstudio.com/evenex/meetup/wp-content/plugins/wp-social/assets/js/front-main76f9.js]
[demo.xpeedstudio.com/evenex/meetup/wp-content/plugins/wp-user-avatar/assets/flatpickr/flatpickr.min76f9.js]
[demo.xpeedstudio.com/evenex/meetup/wp-content/plugins/wp-user-avatar/assets/select2/select2.min76f9.js]
[demo.xpeedstudio.com/evenex/meetup/wp-content/plugins/wp-social/assets/js/social-front76f9.js]
[demo.xpeedstudio.com/evenex/meetup/wp-content/plugins/evenex-essential/modules/parallax/assets/js/jarallax7fb9.js]
[demo.xpeedstudio.com/evenex/meetup/wp-json/wp/v2/pages/844.json]
[demo.xpeedstudio.com/evenex/meetup/wp-json/index.html]
[demo.xpeedstudio.com/evenex/meetup/xmlrpc0db0.php]
[demo.xpeedstudio.com/evenex/meetup/wp-includes/wlwmanifest.xml]
[demo.xpeedstudio.com/evenex/meetup/wp-json/oembed/1.0/embedbb05.json]
[demo.xpeedstudio.com/evenex/meetup/wp-json/oembed/1.0/embedafd0]
[demo.xpeedstudio.com/evenex/meetup/wp-content/uploads/sites/3/2021/01/fav_icon.png]
[demo.xpeedstudio.com/evenex/meetup/wp-content/uploads/sites/3/2020/02/home3-header-logo.png]
[demo.xpeedstudio.com/evenex/meetup/wp-content/uploads/sites/3/2020/01/logo.png]
[demo.xpeedstudio.com/evenex/meetup/wp-content/uploads/sites/3/2020/01/contact_page_footer_logo.png]
[demo.xpeedstudio.com/evenex/meetup/wp-content/plugins/evenex-essential/modules/parallax/index.html]
[demo.xpeedstudio.com/evenex/meetup/wp-content/uploads/sites/3/2020/02/speaker_hero_area.png]
[demo.xpeedstudio.com/evenex/meetup/wp-content/uploads/sites/3/2020/02/home3-latest-evenex-image-02.png.png]
[demo.xpeedstudio.com/evenex/meetup/wp-content/uploads/sites/3/2020/02/home3-latest-evenex-image-01.png]
[demo.xpeedstudio.com/evenex/meetup/wp-content/uploads/sites/3/2020/02/image_3-150x150.jpg]
[demo.xpeedstudio.com/evenex/meetup/about-us/index.html]
[demo.xpeedstudio.com/evenex/meetup/schedule-list/index.html]
[demo.xpeedstudio.com/evenex/meetup/wp-content/uploads/sites/3/2020/09/speaker_01_min-150x150.png]
[demo.xpeedstudio.com/evenex/meetup/wp-content/uploads/sites/3/2020/10/masonary-gallery_05-150x150.jpg]
[demo.xpeedstudio.com/evenex/meetup/schedule-vertical/index.html]
[demo.xpeedstudio.com/evenex/meetup/wp-content/uploads/sites/3/2020/02/speaker_05-min-150x150.png]
[demo.xpeedstudio.com/evenex/meetup/wp-content/uploads/sites/3/2020/02/speaker-soft-5-150x150.jpg]
[demo.xpeedstudio.com/evenex/meetup/schedule-horizontal/index.html]
[demo.xpeedstudio.com/evenex/meetup/news/index.html]
[demo.xpeedstudio.com/evenex/meetup/wp-content/uploads/sites/3/2020/02/image_5-150x150.jpg]
[demo.xpeedstudio.com/evenex/meetup/wp-content/uploads/sites/3/2020/02/image_4-150x150.jpg]
[demo.xpeedstudio.com/evenex/meetup/speaker-list/index.html]
[demo.xpeedstudio.com/evenex/meetup/speaker/laura-bryant-duplicate-1/index.html]
[demo.xpeedstudio.com/evenex/meetup/wp-content/uploads/sites/3/2020/09/speaker_01_min.png]
[demo.xpeedstudio.com/evenex/meetup/speaker/index.html]
[demo.xpeedstudio.com/evenex/meetup/speaker-categories/consultant/index.html]
[demo.xpeedstudio.com/evenex/meetup/venue/index.html]
[demo.xpeedstudio.com/evenex/meetup/wp-content/uploads/sites/3/2020/02/speaker_02-min.png]
[demo.xpeedstudio.com/evenex/meetup/wp-content/uploads/sites/3/2020/02/speaker_03-min.png]
[demo.xpeedstudio.com/evenex/meetup/hotel-room/index.html]
[demo.xpeedstudio.com/evenex/meetup/sponsor/index.html]
[demo.xpeedstudio.com/evenex/meetup/support-faq/index.html]
[demo.xpeedstudio.com/evenex/meetup/gallery/index.html]
[demo.xpeedstudio.com/evenex/meetup/wp-content/uploads/sites/3/2020/02/speaker_04-min.png]
[demo.xpeedstudio.com/evenex/meetup/wp-content/uploads/sites/3/2020/02/speaker_05-min.png]
[demo.xpeedstudio.com/evenex/meetup/wp-content/uploads/sites/3/2020/02/speaker_06-min.png]
[demo.xpeedstudio.com/evenex/meetup/pricing-plan/index.html]
[demo.xpeedstudio.com/evenex/meetup/wp-content/uploads/sites/3/2020/02/home3-sponsor-logo-01.png]
[demo.xpeedstudio.com/evenex/meetup/contact-us/index.html]
[demo.xpeedstudio.com/evenex/meetup/elements/accordion/index.html]
[demo.xpeedstudio.com/evenex/meetup/wp-content/uploads/sites/3/2020/02/home3-sponsor-logo-02.png]
[demo.xpeedstudio.com/evenex/meetup/elements/count-down-timer/index.html]
[demo.xpeedstudio.com/evenex/meetup/elements/image-accordion/index.html]
[demo.xpeedstudio.com/evenex/meetup/wp-content/uploads/sites/3/2020/02/home3-sponsor-logo-03.png]
[demo.xpeedstudio.com/evenex/meetup/elements/pie-chart/index.html]
[demo.xpeedstudio.com/evenex/meetup/wp-content/uploads/sites/3/2020/02/home3-sponsor-logo-04.png]
[demo.xpeedstudio.com/evenex/meetup/elements/image-comparison/index.html]
[demo.xpeedstudio.com/evenex/meetup/elements/blog/index.html]
[demo.xpeedstudio.com/evenex/meetup/elements/faq/index.html]
[demo.xpeedstudio.com/evenex/meetup/wp-content/uploads/sites/3/2020/02/home3-sponsor-logo-05.png]
[demo.xpeedstudio.com/evenex/meetup/elements/image-box/index.html]
[demo.xpeedstudio.com/evenex/meetup/wp-content/uploads/sites/3/2020/02/home3-sponsor-logo-06.png]
[demo.xpeedstudio.com/evenex/meetup/elements/pricing/index.html]
[demo.xpeedstudio.com/evenex/meetup/elements/contact-form/index.html]
[demo.xpeedstudio.com/evenex/meetup/elements/social-media/index.html]
[demo.xpeedstudio.com/evenex/meetup/wp-content/uploads/sites/3/2020/02/logo_7_1.png]
[demo.xpeedstudio.com/evenex/meetup/elements/client-logo/index.html]
[demo.xpeedstudio.com/evenex/meetup/wp-content/uploads/sites/3/2020/01/contact_map_bottom_right.jpg]
[demo.xpeedstudio.com/evenex/meetup/elements/fun-fact/index.html]
[demo.xpeedstudio.com/evenex/meetup/wp-content/uploads/sites/3/2020/01/contact_map_bottom_left.jpg]
[demo.xpeedstudio.com/evenex/meetup/elements/mail-chimp/index.html]
[demo.xpeedstudio.com/evenex/meetup/elements/progress-bar/index.html]
[demo.xpeedstudio.com/evenex/meetup/wp-content/uploads/sites/3/2020/02/home3-logo.png]
[demo.xpeedstudio.com/cdn-cgi/scripts/5c5dd728/cloudflare-static/email-decode.min.js]
[demo.xpeedstudio.com/evenex/meetup/elements/video/index.html]
[demo.xpeedstudio.com/evenex/meetup/elements/tab/index.html]
[demo.xpeedstudio.com/evenex/meetup/elements/icon-box/index.html]
[demo.xpeedstudio.com/evenex/meetup/wp-content/uploads/sites/3/elementor/css/post-52722d23.css]
[demo.xpeedstudio.com/evenex/meetup/wp-content/uploads/sites/3/elementor/css/post-35262d23.css]
[demo.xpeedstudio.com/evenex/meetup/elements/testimonial/index.html]
[demo.xpeedstudio.com/evenex/meetup/elements/call-to-action/index.html]
[demo.xpeedstudio.com/evenex/meetup/elements/team/index.html]
[demo.xpeedstudio.com/evenex/meetup/wp-content/plugins/elementor/assets/lib/animations/animations.mina25a.css]
[demo.xpeedstudio.com/evenex/meetup/wp-content/plugins/elementor/assets/lib/font-awesome/css/regular.min52d5.css]
[demo.xpeedstudio.com/evenex/meetup/speaker/evelyn-harper-duplicate-1/index.html]
[demo.xpeedstudio.com/evenex/meetup/wp-content/plugins/woocommerce/assets/js/jquery-blockui/jquery.blockUI.min6459.js]
[demo.xpeedstudio.com/evenex/meetup/wp-content/plugins/woocommerce/assets/js/frontend/add-to-cart.min3781.js]
[demo.xpeedstudio.com/evenex/meetup/speaker/angela-howard/index.html]
[demo.xpeedstudio.com/evenex/meetup/speaker/ava-charlotte-4/index.html]
[demo.xpeedstudio.com/evenex/meetup/wp-content/plugins/woocommerce/assets/js/js-cookie/js.cookie.minc6bb.js]
[demo.xpeedstudio.com/evenex/meetup/speaker/evelyn-harper/index.html]
[demo.xpeedstudio.com/evenex/meetup/wp-content/plugins/woocommerce/assets/js/frontend/woocommerce.min3781.js]
[demo.xpeedstudio.com/evenex/meetup/speaker/evelyn-harper-2/index.html]
[demo.xpeedstudio.com/evenex/meetup/speaker/jack-henry-2/index.html]
[demo.xpeedstudio.com/evenex/meetup/wp-content/plugins/woocommerce/assets/js/frontend/cart-fragments.min3781.js]
[demo.xpeedstudio.com/evenex/meetup/speaker/trevor-harrison-duplicate-1/index.html]
[demo.xpeedstudio.com/evenex/meetup/speaker/ava-charlotte/index.html]
[demo.xpeedstudio.com/evenex/meetup/wp-content/plugins/wp-user-avatar/assets/js/frontend.min26ef.js]
[demo.xpeedstudio.com/evenex/meetup/wp-content/plugins/wp-event-solution/assets/js/event-manager-public6e0e.js]
[demo.xpeedstudio.com/evenex/meetup/speaker/trevor-harrison/index.html]
[demo.xpeedstudio.com/evenex/meetup/wp-includes/js/dist/vendor/lodash.mind1d1.js]
[demo.xpeedstudio.com/evenex/meetup/speaker/nathan-baker/index.html]
[demo.xpeedstudio.com/evenex/meetup/speaker/mitchell-perkins/index.html]
[demo.xpeedstudio.com/evenex/meetup/wp-includes/js/dist/vendor/wp-polyfill.min89b1.js]
[demo.xpeedstudio.com/evenex/meetup/wp-includes/js/dist/vendor/wp-polyfill-fetch.min6e0e.js]
[demo.xpeedstudio.com/evenex/meetup/wp-includes/js/dist/vendor/wp-polyfill-node-contains.min2e00.js]
[demo.xpeedstudio.com/evenex/meetup/wp-includes/js/dist/vendor/wp-polyfill-dom-rect.min2e00.js]
[demo.xpeedstudio.com/evenex/meetup/wp-includes/js/dist/vendor/wp-polyfill-url.min5aed.js]
[demo.xpeedstudio.com/evenex/meetup/wp-includes/js/dist/vendor/wp-polyfill-formdata.mine9bd.js]
[demo.xpeedstudio.com/evenex/meetup/wp-includes/js/dist/vendor/wp-polyfill-element-closest.min4c56.js]
[demo.xpeedstudio.com/evenex/meetup/wp-includes/js/dist/vendor/react.mincd00.js]
[demo.xpeedstudio.com/evenex/meetup/wp-includes/js/dist/vendor/react-dom.mincd00.js]
[demo.xpeedstudio.com/evenex/meetup/wp-includes/js/dist/escape-html.mina992.js]
[demo.xpeedstudio.com/evenex/meetup/wp-includes/js/dist/element.min27f1.js]
[demo.xpeedstudio.com/evenex/meetup/wp-content/plugins/wp-event-solution/build/index6e0e.js]
[demo.xpeedstudio.com/evenex/meetup/wp-content/plugins/elementskit-lite/libs/framework/assets/js/frontend-script91ee.js]
[demo.xpeedstudio.com/evenex/meetup/wp-content/plugins/elementskit-lite/widgets/init/assets/js/widget-scripts91ee.js]
[demo.xpeedstudio.com/evenex/meetup/wp-content/plugins/evenex-essential/modules/parallax/assets/js/TweenMax.min7fb9.js]
[demo.xpeedstudio.com/evenex/meetup/wp-content/plugins/evenex-essential/modules/parallax/assets/js/jquery.easing.1.37fb9.js]
[demo.xpeedstudio.com/evenex/meetup/wp-content/plugins/evenex-essential/modules/parallax/assets/js/tilt.jquery.min7fb9.js]
[demo.xpeedstudio.com/evenex/meetup/wp-content/plugins/evenex-essential/modules/parallax/assets/js/anime7fb9.js]
[demo.xpeedstudio.com/evenex/meetup/wp-content/plugins/evenex-essential/modules/parallax/assets/js/magician7fb9.js]
[demo.xpeedstudio.com/evenex/meetup/wp-content/themes/evenex/assets/js/popper.min7ef2.js]
[demo.xpeedstudio.com/evenex/meetup/wp-content/themes/evenex/assets/js/bootstrap.min7ef2.js]
[demo.xpeedstudio.com/evenex/meetup/wp-content/plugins/woocommerce/assets/js/select2/select2.full.min4ad5.js]
[demo.xpeedstudio.com/evenex/meetup/wp-content/themes/evenex/assets/js/xs-grid-line-animation7ef2.js]
[demo.xpeedstudio.com/evenex/meetup/wp-content/themes/evenex/assets/js/script7ef2.js]
[demo.xpeedstudio.com/evenex/meetup/wp-includes/js/wp-embed.min76f9.js]
[demo.xpeedstudio.com/evenex/meetup/wp-content/plugins/elementor/assets/lib/waypoints/waypoints.min05da.js]
[demo.xpeedstudio.com/evenex/meetup/wp-content/plugins/elementor/assets/js/webpack.runtime.mina25a.js]
[demo.xpeedstudio.com/evenex/meetup/wp-content/plugins/elementor/assets/js/frontend-modules.mina25a.js]
[demo.xpeedstudio.com/evenex/meetup/wp-includes/js/jquery/ui/core.min35d0.js]
[demo.xpeedstudio.com/evenex/meetup/wp-content/plugins/elementor/assets/lib/swiper/swiper.min48f5.js]
[demo.xpeedstudio.com/evenex/meetup/wp-content/plugins/elementor/assets/lib/share-link/share-link.mina25a.js]
[demo.xpeedstudio.com/evenex/meetup/wp-content/plugins/elementor/assets/lib/dialog/dialog.mind227.js]
[demo.xpeedstudio.com/evenex/meetup/wp-content/plugins/elementor/assets/js/frontend.mina25a.js]
[demo.xpeedstudio.com/evenex/meetup/wp-content/plugins/wp-event-solution/assets/js/elementor6e0e.js]
[demo.xpeedstudio.com/evenex/meetup/wp-content/plugins/elementskit-lite/widgets/init/assets/js/animate-circle91ee.js]
[demo.xpeedstudio.com/evenex/meetup/wp-content/plugins/elementskit-lite/widgets/init/assets/js/elementor91ee.js]
[demo.xpeedstudio.com/evenex/meetup/wp-content/plugins/evenex-essential/modules/sticky-content/assets/js/jquery.sticky91ee.js]
[demo.xpeedstudio.com/evenex/meetup/wp-content/plugins/evenex-essential/modules/sticky-content/assets/js/main91ee.js]
[demo.xpeedstudio.com/evenex/meetup/wp-content/themes/evenex/assets/js/elementor7ef2.js]
[demo.xpeedstudio.com/evenex/meetup/wp-content/plugins/evenex-essential/modules/parallax/assets/js/widget-init7fb9.js]
[demo.xpeedstudio.com/evenex/meetup/wp-content/plugins/evenex-essential/modules/parallax/assets/js/section-init7fb9.js]
[demo.xpeedstudio.com/evenex/meetup/wp-content/plugins/evenex-essential/modules/elements/assets/js/widget-scripts-pro4963.js]
[demo.xpeedstudio.com/evenex/meetup/wp-content/plugins/elementor/assets/js/preloaded-modules.mina25a.js]
[demo.xpeedstudio.com/evenex/meetup/index.html]
[demo.xpeedstudio.com/evenex/meetup/wp-content/plugins/evenex-essential/modules/elements/assets/css/widget-styles-pro4963.css]
[demo.xpeedstudio.com/evenex/meetup/wp-content/plugins/elementor/assets/css/frontend-legacy.mina25a.css]
[demo.xpeedstudio.com/evenex/meetup/wp-content/plugins/elementor/assets/css/frontend.mina25a.css]
[demo.xpeedstudio.com/evenex/meetup/wp-content/uploads/sites/3/elementor/css/post-3035aaf0.css]
[demo.xpeedstudio.com/evenex/meetup/wp-content/plugins/elementor/assets/lib/font-awesome/webfonts/fa-brands-400.eot]
[demo.xpeedstudio.com/evenex/meetup/wp-content/plugins/elementor/assets/lib/font-awesome/webfonts/fa-brands-400d41d.eot]
[demo.xpeedstudio.com/evenex/meetup/wp-content/plugins/elementor/assets/lib/font-awesome/webfonts/fa-brands-400.woff2]
[demo.xpeedstudio.com/evenex/meetup/wp-content/plugins/elementor/assets/lib/font-awesome/webfonts/fa-brands-400.woff]
[demo.xpeedstudio.com/evenex/meetup/wp-content/plugins/elementor/assets/lib/font-awesome/webfonts/fa-brands-400.ttf]
[demo.xpeedstudio.com/evenex/meetup/wp-content/plugins/elementor/assets/lib/font-awesome/webfonts/fa-brands-400.svg]
[demo.xpeedstudio.com/evenex/meetup/wp-content/plugins/elementor/assets/lib/font-awesome/webfonts/fa-regular-400.eot]
[demo.xpeedstudio.com/evenex/meetup/wp-content/plugins/elementor/assets/lib/font-awesome/webfonts/fa-regular-400d41d.eot]
[demo.xpeedstudio.com/evenex/meetup/wp-content/plugins/elementor/assets/lib/font-awesome/webfonts/fa-regular-400.woff2]
[demo.xpeedstudio.com/evenex/meetup/wp-content/plugins/elementor/assets/lib/font-awesome/webfonts/fa-regular-400.woff]
[demo.xpeedstudio.com/evenex/meetup/wp-content/plugins/elementor/assets/lib/font-awesome/webfonts/fa-regular-400.ttf]
[demo.xpeedstudio.com/evenex/meetup/wp-content/plugins/elementor/assets/lib/font-awesome/webfonts/fa-regular-400.svg]
[demo.xpeedstudio.com/evenex/meetup/wp-content/plugins/elementor/assets/lib/font-awesome/webfonts/fa-solid-900.eot]
[demo.xpeedstudio.com/evenex/meetup/wp-content/plugins/elementor/assets/lib/font-awesome/webfonts/fa-solid-900d41d.eot]
[demo.xpeedstudio.com/evenex/meetup/wp-content/plugins/elementor/assets/lib/font-awesome/webfonts/fa-solid-900.woff2]
[demo.xpeedstudio.com/evenex/meetup/wp-content/plugins/elementor/assets/lib/font-awesome/webfonts/fa-solid-900.woff]
[demo.xpeedstudio.com/evenex/meetup/wp-content/plugins/elementor/assets/lib/font-awesome/webfonts/fa-solid-900.ttf]
[demo.xpeedstudio.com/evenex/meetup/wp-content/plugins/elementor/assets/lib/font-awesome/css/all.mina25a.css]
[demo.xpeedstudio.com/evenex/meetup/wp-content/plugins/elementor/assets/lib/font-awesome/css/v4-shims.mina25a.css]
[demo.xpeedstudio.com/evenex/meetup/wp-content/uploads/sites/3/2020/02/home3-latest-event-dot-shape.png]
[demo.xpeedstudio.com/evenex/meetup/wp-content/uploads/sites/3/elementor/css/post-2599aaf0.css]
[demo.xpeedstudio.com/evenex/meetup/wp-includes/css/dist/block-library/style.min76f9.css]
[demo.xpeedstudio.com/evenex/meetup/wp-includes/css/dist/block-library/theme.min76f9.css]
[demo.xpeedstudio.com/evenex/meetup/wp-content/plugins/woocommerce/packages/woocommerce-blocks/build/wc-blocks-vendors-style5379.css]
[demo.xpeedstudio.com/evenex/meetup/wp-content/plugins/woocommerce/packages/woocommerce-blocks/build/wc-blocks-style5379.css]
[demo.xpeedstudio.com/evenex/meetup/wp-content/plugins/wp-event-solution/core/guten-block/dist/blocks.style.build.css]
[demo.xpeedstudio.com/evenex/meetup/wp-content/plugins/woocommerce/assets/css/woocommerce-layout3781.css]
[demo.xpeedstudio.com/evenex/meetup/wp-content/plugins/woocommerce/assets/css/woocommerce-smallscreen3781.css]
[demo.xpeedstudio.com/evenex/meetup/wp-content/plugins/elementor/assets/lib/font-awesome/webfonts/fa-solid-900.svg]
[demo.xpeedstudio.com/evenex/meetup/wp-content/plugins/woocommerce/assets/fonts/star.eot]
[demo.xpeedstudio.com/evenex/meetup/wp-content/plugins/woocommerce/assets/fonts/stard41d.eot]
[demo.xpeedstudio.com/evenex/meetup/wp-content/plugins/woocommerce/assets/fonts/star.woff]
[demo.xpeedstudio.com/evenex/meetup/wp-content/plugins/woocommerce/assets/fonts/star.ttf]
[demo.xpeedstudio.com/evenex/meetup/wp-content/plugins/woocommerce/assets/fonts/star.svg]
[demo.xpeedstudio.com/evenex/meetup/wp-content/plugins/woocommerce/assets/fonts/WooCommerce.eot]
[demo.xpeedstudio.com/evenex/meetup/wp-content/plugins/woocommerce/assets/fonts/WooCommerced41d.eot]
[demo.xpeedstudio.com/evenex/meetup/wp-content/plugins/woocommerce/assets/fonts/WooCommerce.woff]
[demo.xpeedstudio.com/evenex/meetup/wp-content/plugins/woocommerce/assets/fonts/WooCommerce.ttf]
[demo.xpeedstudio.com/evenex/meetup/wp-content/plugins/woocommerce/assets/fonts/WooCommerce.svg]
[demo.xpeedstudio.com/evenex/meetup/wp-content/plugins/woocommerce/assets/images/icons/loader.svg]
[demo.xpeedstudio.com/evenex/meetup/wp-content/plugins/woocommerce/assets/images/icons/credit-cards/visa.svg]
[demo.xpeedstudio.com/evenex/meetup/wp-content/plugins/woocommerce/assets/images/icons/credit-cards/mastercard.svg]
[demo.xpeedstudio.com/evenex/meetup/wp-content/plugins/woocommerce/assets/images/icons/credit-cards/laser.svg]
[demo.xpeedstudio.com/evenex/meetup/wp-content/plugins/woocommerce/assets/images/icons/credit-cards/diners.svg]
[demo.xpeedstudio.com/evenex/meetup/wp-content/plugins/woocommerce/assets/images/icons/credit-cards/maestro.svg]
[demo.xpeedstudio.com/evenex/meetup/wp-content/plugins/woocommerce/assets/images/icons/credit-cards/jcb.svg]
[demo.xpeedstudio.com/evenex/meetup/wp-content/plugins/woocommerce/assets/images/icons/credit-cards/amex.svg]
[demo.xpeedstudio.com/evenex/meetup/wp-content/plugins/woocommerce/assets/images/icons/credit-cards/discover.svg]
[demo.xpeedstudio.com/evenex/meetup/wp-content/plugins/woocommerce/assets/css/woocommerce3781.css]
[demo.xpeedstudio.com/evenex/meetup/wp-content/plugins/wp-social/assets/css/frontend76f9.css]
[demo.xpeedstudio.com/evenex/meetup/wp-content/plugins/wp-social/assets/css/fonts/met-social150e.eot]
[demo.xpeedstudio.com/evenex/meetup/wp-content/plugins/wp-social/assets/css/fonts/met-social150e.ttf]
[demo.xpeedstudio.com/evenex/meetup/wp-content/plugins/wp-social/assets/css/fonts/met-social150e.woff]
[demo.xpeedstudio.com/evenex/meetup/wp-content/plugins/wp-social/assets/css/font-icon76f9.css]
[demo.xpeedstudio.com/evenex/meetup/wp-content/plugins/wp-social/assets/css/fonts/met-social150e.svg]
[demo.xpeedstudio.com/evenex/meetup/wp-content/plugins/wp-user-avatar/assets/css/material-icons/MaterialIcons-Regular.eot]
[demo.xpeedstudio.com/evenex/meetup/wp-content/plugins/wp-user-avatar/assets/css/material-icons/MaterialIcons-Regular.woff2]
[demo.xpeedstudio.com/evenex/meetup/wp-content/plugins/wp-user-avatar/assets/css/material-icons/MaterialIcons-Regular.woff]
[demo.xpeedstudio.com/evenex/meetup/wp-content/plugins/wp-user-avatar/assets/css/material-icons/MaterialIcons-Regular.ttf]
[demo.xpeedstudio.com/evenex/meetup/wp-content/plugins/wp-user-avatar/assets/images/frontend/arrow-down.png]
[demo.xpeedstudio.com/evenex/meetup/wp-content/plugins/wp-user-avatar/assets/images/social-login/google.svg]
[demo.xpeedstudio.com/evenex/meetup/wp-content/plugins/wp-user-avatar/assets/images/social-login/vk-fa.svg]
[demo.xpeedstudio.com/evenex/meetup/wp-content/plugins/wp-user-avatar/assets/images/social-login/facebook.svg]
[demo.xpeedstudio.com/evenex/meetup/wp-content/plugins/wp-user-avatar/assets/images/social-login/twitter.svg]
[demo.xpeedstudio.com/evenex/meetup/wp-content/plugins/wp-user-avatar/assets/images/social-login/linkedin.svg]
[demo.xpeedstudio.com/evenex/meetup/wp-content/plugins/wp-user-avatar/assets/images/social-login/github-fa.svg]
[demo.xpeedstudio.com/evenex/meetup/wp-content/plugins/wp-user-avatar/assets/css/frontend.min26ef.css]
[demo.xpeedstudio.com/evenex/meetup/wp-content/plugins/wp-user-avatar/assets/flatpickr/flatpickr.min26ef.css]
[demo.xpeedstudio.com/evenex/meetup/wp-content/plugins/wp-user-avatar/assets/select2/select2.min76f9.css]
[demo.xpeedstudio.com/evenex/meetup/wp-content/plugins/wp-event-solution/assets/webfonts/fa-brands-400.eot]
[demo.xpeedstudio.com/evenex/meetup/wp-content/plugins/wp-event-solution/assets/webfonts/fa-brands-400d41d.eot]
[demo.xpeedstudio.com/evenex/meetup/wp-content/plugins/wp-event-solution/assets/webfonts/fa-brands-400.woff2]
[demo.xpeedstudio.com/evenex/meetup/wp-content/plugins/wp-event-solution/assets/webfonts/fa-brands-400.woff]
[demo.xpeedstudio.com/evenex/meetup/wp-content/plugins/wp-event-solution/assets/webfonts/fa-brands-400.ttf]
[demo.xpeedstudio.com/evenex/meetup/wp-content/plugins/wp-event-solution/assets/webfonts/fa-brands-400.svg]
[demo.xpeedstudio.com/evenex/meetup/wp-content/plugins/wp-event-solution/assets/webfonts/fa-regular-400.eot]
[demo.xpeedstudio.com/evenex/meetup/wp-content/plugins/wp-event-solution/assets/webfonts/fa-regular-400d41d.eot]
[demo.xpeedstudio.com/evenex/meetup/wp-content/plugins/wp-event-solution/assets/webfonts/fa-regular-400.woff2]
[demo.xpeedstudio.com/evenex/meetup/wp-content/plugins/wp-event-solution/assets/webfonts/fa-regular-400.woff]
[demo.xpeedstudio.com/evenex/meetup/wp-content/plugins/wp-event-solution/assets/webfonts/fa-regular-400.ttf]
[demo.xpeedstudio.com/evenex/meetup/wp-content/plugins/wp-event-solution/assets/webfonts/fa-regular-400.svg]
[demo.xpeedstudio.com/evenex/meetup/wp-content/plugins/wp-event-solution/assets/webfonts/fa-solid-900.eot]
[demo.xpeedstudio.com/evenex/meetup/wp-content/plugins/wp-event-solution/assets/webfonts/fa-solid-900d41d.eot]
[demo.xpeedstudio.com/evenex/meetup/wp-content/plugins/wp-event-solution/assets/webfonts/fa-solid-900.woff2]
[demo.xpeedstudio.com/evenex/meetup/wp-content/plugins/wp-event-solution/assets/webfonts/fa-solid-900.woff]
[demo.xpeedstudio.com/evenex/meetup/wp-content/plugins/wp-event-solution/assets/webfonts/fa-solid-900.ttf]
[demo.xpeedstudio.com/evenex/meetup/wp-content/plugins/wp-event-solution/assets/css/font-awesome5597.css]
[demo.xpeedstudio.com/evenex/meetup/wp-content/plugins/wp-event-solution/build/index6e0e.css]
[demo.xpeedstudio.com/evenex/meetup/wp-content/plugins/wp-event-solution/assets/images/shape.png]
[demo.xpeedstudio.com/evenex/meetup/wp-content/plugins/wp-event-solution/assets/css/event-manager-public6e0e.css]
[demo.xpeedstudio.com/evenex/meetup/wp-content/plugins/wp-event-solution/assets/webfonts/fa-solid-900.svg]
[demo.xpeedstudio.com/evenex/meetup/wp-content/plugins/elementskit-lite/modules/elementskit-icon-pack/assets/fonts/elementskit97ac.woff]
[demo.xpeedstudio.com/evenex/meetup/wp-content/plugins/elementskit-lite/modules/elementskit-icon-pack/assets/css/ekiticons91ee.css]
[demo.xpeedstudio.com/evenex/meetup/wp-content/plugins/evenex-essential/modules/parallax/assets/css/style7fb9.css]
[demo.xpeedstudio.com/evenex/meetup/wp-content/plugins/elementor/assets/lib/eicons/fonts/eiconsdc2c.eot]
[demo.xpeedstudio.com/evenex/meetup/wp-content/plugins/elementor/assets/lib/eicons/fonts/eiconsdc2c.woff2]
[demo.xpeedstudio.com/evenex/meetup/wp-content/plugins/elementor/assets/lib/eicons/fonts/eiconsdc2c.woff]
[demo.xpeedstudio.com/evenex/meetup/wp-content/plugins/elementor/assets/lib/eicons/fonts/eiconsdc2c.ttf]
[demo.xpeedstudio.com/evenex/meetup/wp-content/plugins/elementor/assets/lib/eicons/css/elementor-icons.mine900.css]
[demo.xpeedstudio.com/evenex/meetup/wp-content/uploads/sites/3/elementor/css/post-48077ba3.css]
[demo.xpeedstudio.com/evenex/meetup/wp-content/uploads/sites/3/elementor/css/global7ba3.css]
[demo.xpeedstudio.com/evenex/meetup/wp-content/plugins/elementor/assets/lib/eicons/fonts/eiconsdc2c.svg]
[demo.xpeedstudio.com/evenex/meetup/wp-content/uploads/sites/3/2020/02/home3-overlay.png]
[demo.xpeedstudio.com/evenex/meetup/wp-content/uploads/sites/3/elementor/css/post-844efef.css]
[demo.xpeedstudio.com/evenex/meetup/wp-content/themes/evenex/assets/css/bootstrap.min7ef2.css]
[demo.xpeedstudio.com/evenex/meetup/wp-content/themes/evenex/assets/fonts/fa-brands-400.eot]
[demo.xpeedstudio.com/evenex/meetup/wp-content/themes/evenex/assets/fonts/fa-brands-400d41d.eot]
[demo.xpeedstudio.com/evenex/meetup/wp-content/themes/evenex/assets/fonts/fa-brands-400.woff2]
[demo.xpeedstudio.com/evenex/meetup/wp-content/themes/evenex/assets/fonts/fa-brands-400.woff]
[demo.xpeedstudio.com/evenex/meetup/wp-content/themes/evenex/assets/fonts/fa-brands-400.ttf]
[demo.xpeedstudio.com/evenex/meetup/wp-content/themes/evenex/assets/fonts/fa-regular-400.eot]
[demo.xpeedstudio.com/evenex/meetup/wp-content/themes/evenex/assets/fonts/fa-regular-400d41d.eot]
[demo.xpeedstudio.com/evenex/meetup/wp-content/themes/evenex/assets/fonts/fa-regular-400.woff2]
[demo.xpeedstudio.com/evenex/meetup/wp-content/themes/evenex/assets/fonts/fa-regular-400.woff]
[demo.xpeedstudio.com/evenex/meetup/wp-content/themes/evenex/assets/fonts/fa-regular-400.ttf]
[demo.xpeedstudio.com/evenex/meetup/wp-content/themes/evenex/assets/fonts/fa-solid-900.eot]
[demo.xpeedstudio.com/evenex/meetup/wp-content/themes/evenex/assets/fonts/fa-solid-900d41d.eot]
[demo.xpeedstudio.com/evenex/meetup/wp-content/themes/evenex/assets/fonts/fa-solid-900.woff2]
[demo.xpeedstudio.com/evenex/meetup/wp-content/themes/evenex/assets/fonts/fa-solid-900.woff]
[demo.xpeedstudio.com/evenex/meetup/wp-content/themes/evenex/assets/css/fontawesome.min7ef2.css]
[demo.xpeedstudio.com/evenex/meetup/wp-content/plugins/woocommerce/assets/css/select23781.css]
[demo.xpeedstudio.com/evenex/meetup/wp-content/themes/evenex/assets/css/image-choose-control7ef2.css]
[demo.xpeedstudio.com/evenex/meetup/wp-content/themes/evenex/assets/fonts/fa-solid-900.ttf]
[demo.xpeedstudio.com/evenex/meetup/wp-content/themes/evenex/assets/fonts/xs-iconedf1.eot]
[demo.xpeedstudio.com/evenex/meetup/wp-content/themes/evenex/assets/fonts/xs-iconedf1.ttf]
[demo.xpeedstudio.com/evenex/meetup/wp-content/themes/evenex/assets/fonts/xs-iconedf1.woff]
[demo.xpeedstudio.com/evenex/meetup/wp-content/themes/evenex/assets/fonts/xs-iconedf1.svg]
[demo.xpeedstudio.com/evenex/meetup/wp-content/themes/evenex/assets/css/iconfont7ef2.css]
[demo.xpeedstudio.com/evenex/meetup/wp-content/themes/evenex/assets/css/grid-line-parallax7ef2.css]
[demo.xpeedstudio.com/evenex/meetup/wp-content/themes/evenex/assets/images/footer/footer-shape.png]
[demo.xpeedstudio.com/evenex/meetup/wp-content/themes/evenex/assets/images/left-quote.png]
[demo.xpeedstudio.com/evenex/meetup/wp-content/themes/evenex/assets/images/right-quote.png]
[demo.xpeedstudio.com/evenex/meetup/wp-content/themes/evenex/assets/css/blog7ef2.css]
[demo.xpeedstudio.com/evenex/meetup/wp-content/themes/evenex/assets/images/xs-eventlist-icon.svg]
[demo.xpeedstudio.com/evenex/meetup/wp-content/themes/evenex/assets/images/down-arrow.png]
[demo.xpeedstudio.com/evenex/meetup/wp-content/themes/evenex/assets/images/counter-bg1.png]
[demo.xpeedstudio.com/evenex/meetup/wp-content/themes/evenex/assets/images/counter-bg2.png]
[demo.xpeedstudio.com/evenex/meetup/wp-content/themes/evenex/assets/images/counter-bg3.png]
[demo.xpeedstudio.com/evenex/meetup/wp-content/themes/evenex/assets/images/counter-bg4.png]
[demo.xpeedstudio.com/evenex/meetup/wp-content/themes/evenex/assets/images/price-icon.png]
[demo.xpeedstudio.com/evenex/meetup/wp-content/themes/evenex/assets/css/master3ca6.css]
[demo.xpeedstudio.com/evenex/meetup/wp-content/plugins/elementskit-lite/widgets/init/assets/img/arrow.png]
[demo.xpeedstudio.com/evenex/meetup/wp-content/plugins/elementskit-lite/widgets/init/assets/img/sort_asc.png]
[demo.xpeedstudio.com/evenex/meetup/wp-content/plugins/elementskit-lite/widgets/init/assets/img/sort_desc.png]
[demo.xpeedstudio.com/evenex/meetup/wp-content/plugins/elementskit-lite/widgets/init/assets/img/sort_asc_disabled.png]
[demo.xpeedstudio.com/evenex/meetup/wp-content/plugins/elementskit-lite/widgets/init/assets/img/cross-out.svg]
[demo.xpeedstudio.com/evenex/meetup/wp-content/plugins/elementskit-lite/widgets/init/assets/css/widget-styles91ee.css]
[demo.xpeedstudio.com/evenex/meetup/wp-content/plugins/elementskit-lite/widgets/init/assets/css/responsive91ee.css]
[demo.xpeedstudio.com/evenex/meetup/wp-content/plugins/elementor/assets/lib/font-awesome/css/fontawesome.min52d5.css]
[demo.xpeedstudio.com/evenex/meetup/wp-content/plugins/elementor/assets/lib/font-awesome/css/solid.min52d5.css]
[demo.xpeedstudio.com/evenex/meetup/wp-content/plugins/elementor/assets/lib/font-awesome/css/brands.min52d5.css]
[demo.xpeedstudio.com/evenex/meetup/wp-content/plugins/evenex-essential/modules/parallax/index.html]
[demo.xpeedstudio.com/evenex/meetup/wp-content/uploads/sites/3/elementor/css/post-197ba3.css]
[demo.xpeedstudio.com/evenex/meetup/wp-content/uploads/sites/3/elementor/css/post-21547ba3.css]
[demo.xpeedstudio.com/evenex/meetup/wp-content/uploads/sites/3/elementor/css/post-980bf.css]
[demo.xpeedstudio.com/evenex/meetup/wp-content/themes/evenex/assets/css/master1359.css]
[demo.xpeedstudio.com/evenex/meetup/wp-json/wp/v2/pages/9.json]
[demo.xpeedstudio.com/evenex/meetup/wp-json/oembed/1.0/embedd553.json]
[demo.xpeedstudio.com/evenex/meetup/wp-json/oembed/1.0/embedad47]
[demo.xpeedstudio.com/evenex/meetup/wp-content/uploads/sites/3/2020/01/evenx-main-logo.png]
[demo.xpeedstudio.com/evenex/meetup/wp-content/themes/evenex/assets/images/banner/bg_banner.png]
[demo.xpeedstudio.com/evenex/meetup/wp-content/uploads/sites/3/2020/01/Venue-contact-plus-circle.png]
[demo.xpeedstudio.com/evenex/meetup/wp-content/uploads/sites/3/2020/01/Venue-contact-plus.png]
[demo.xpeedstudio.com/evenex/meetup/wp-content/uploads/sites/3/2020/01/contact_page_shape_one.png]
[demo.xpeedstudio.com/evenex/meetup/wp-content/uploads/sites/3/2020/01/video-img.jpg]
[demo.xpeedstudio.com/evenex/meetup/wp-content/uploads/sites/3/2020/01/dot_shape.png]
[demo.xpeedstudio.com/evenex/meetup/wp-content/uploads/sites/3/2020/01/back-img.jpg]
[demo.xpeedstudio.com/evenex/meetup/wp-content/uploads/sites/3/2020/01/contact_page_shape_two.png]
[demo.xpeedstudio.com/evenex/meetup/wp-content/uploads/sites/3/2020/01/sponsor-page-circle-image.png]
[demo.xpeedstudio.com/evenex/meetup/wp-content/uploads/sites/3/2020/01/title_shape_light.png]
[demo.xpeedstudio.com/evenex/meetup/wp-content/uploads/sites/3/2020/01/event-dot-shape.png]
[demo.xpeedstudio.com/evenex/meetup/wp-content/uploads/sites/3/2020/01/line-shape.png]
[demo.xpeedstudio.com/evenex/meetup/speaker/ava-charlotte-5/index.html]
[demo.xpeedstudio.com/evenex/meetup/wp-content/uploads/sites/3/2020/02/image_1.jpg]
[demo.xpeedstudio.com/evenex/meetup/wp-content/uploads/sites/3/2020/02/image_2.jpg]
[demo.xpeedstudio.com/evenex/meetup/speaker/james-william-2/index.html]
[demo.xpeedstudio.com/evenex/meetup/wp-content/uploads/sites/3/2020/02/image_3.jpg]
[demo.xpeedstudio.com/evenex/meetup/speaker/grace-amelia-3/index.html]
[demo.xpeedstudio.com/evenex/meetup/wp-content/uploads/sites/3/2020/02/image_4.jpg]
[demo.xpeedstudio.com/evenex/meetup/wp-content/uploads/sites/3/2020/02/image_5.jpg]
[demo.xpeedstudio.com/evenex/meetup/wp-content/uploads/sites/3/2020/01/sponsor-page-arrow-image.png]
[demo.xpeedstudio.com/evenex/meetup/wp-content/uploads/sites/3/2020/01/Venue-angle.png]
[demo.xpeedstudio.com/evenex/meetup/wp-content/uploads/sites/3/2020/02/home3-box-style-triangle-shape.png]
[demo.xpeedstudio.com/evenex/meetup/speaker/max-alexander-2/index.html]
[demo.xpeedstudio.com/evenex/meetup/wp-content/uploads/sites/3/2020/01/client-img.jpg]
[demo.xpeedstudio.com/evenex/meetup/wp-content/uploads/sites/3/2020/02/image_8.png]
[demo.xpeedstudio.com/evenex/meetup/wp-content/uploads/sites/3/2020/01/Venue-room-small-circle.png]
[demo.xpeedstudio.com/evenex/meetup/wp-content/uploads/sites/3/2020/01/contact_page_shape_three.png]
[demo.xpeedstudio.com/evenex/meetup/about-us/index.html]
[demo.xpeedstudio.com/evenex/meetup/wp-content/uploads/sites/3/elementor/css/post-48785579.css]
[demo.xpeedstudio.com/evenex/meetup/wp-content/themes/evenex/assets/css/master412e.css]
[demo.xpeedstudio.com/evenex/meetup/wp-json/wp/v2/pages/4878.json]
[demo.xpeedstudio.com/evenex/meetup/wp-json/oembed/1.0/embed0c2f.json]
[demo.xpeedstudio.com/evenex/meetup/wp-json/oembed/1.0/embedc62e]
[demo.xpeedstudio.com/evenex/meetup/speaker/grace-amelia-2/index.html]
[demo.xpeedstudio.com/evenex/meetup/wp-content/uploads/sites/3/2020/02/speaker-01-150x150.png]
[demo.xpeedstudio.com/evenex/meetup/wp-content/uploads/sites/3/2020/02/speaker-soft-1-150x150.jpg]
[demo.xpeedstudio.com/evenex/meetup/wp-content/uploads/sites/3/2020/02/triangle_shape.png]
[demo.xpeedstudio.com/evenex/meetup/speaker/ava-charlotte-2/index.html]
[demo.xpeedstudio.com/evenex/meetup/wp-content/uploads/sites/3/2020/02/round-dot-shape.png]
[demo.xpeedstudio.com/evenex/meetup/wp-content/uploads/sites/3/2020/02/stare-shape.png]
[demo.xpeedstudio.com/evenex/meetup/wp-content/uploads/sites/3/2020/02/home3-latest-event-cross-shape.png]
[demo.xpeedstudio.com/evenex/meetup/wp-content/uploads/sites/3/2020/02/home3-box-style-dotted-shape.png]
[demo.xpeedstudio.com/evenex/meetup/schedule-list/index.html]
[demo.xpeedstudio.com/evenex/meetup/wp-content/uploads/sites/3/elementor/css/post-4890ffc5.css]
[demo.xpeedstudio.com/evenex/meetup/wp-content/themes/evenex/assets/css/masterd18e.css]
[demo.xpeedstudio.com/evenex/meetup/wp-json/wp/v2/pages/4890.json]
[demo.xpeedstudio.com/evenex/meetup/wp-json/oembed/1.0/embed3812.json]
[demo.xpeedstudio.com/evenex/meetup/wp-json/oembed/1.0/embed090f]
[demo.xpeedstudio.com/evenex/meetup/schedule-vertical/index.html]
[demo.xpeedstudio.com/evenex/meetup/wp-content/uploads/sites/3/elementor/css/post-490553c7.css]
[demo.xpeedstudio.com/evenex/meetup/wp-json/wp/v2/pages/4905.json]
[demo.xpeedstudio.com/evenex/meetup/wp-json/oembed/1.0/embedc2cc.json]
[demo.xpeedstudio.com/evenex/meetup/wp-json/oembed/1.0/embed85ee]
[demo.xpeedstudio.com/evenex/meetup/schedule-horizontal/index.html]
[demo.xpeedstudio.com/evenex/meetup/wp-content/themes/evenex/assets/css/mastercb6d.css]
[demo.xpeedstudio.com/evenex/meetup/this-year-over-70000-people-will-come-to-web-summit/index.html]
[demo.xpeedstudio.com/evenex/meetup/wp-content/uploads/sites/3/2020/01/post-image-2.jpg]
[demo.xpeedstudio.com/evenex/meetup/wp-content/uploads/sites/3/2020/01/post-image-1.jpg]
[demo.xpeedstudio.com/evenex/meetup/category/workshop/index.html]
[demo.xpeedstudio.com/evenex/meetup/author/index.html]
[demo.xpeedstudio.com/evenex/meetup/the-most-promising-new-influential-pages-journalists/index.html]
[demo.xpeedstudio.com/evenex/meetup/wp-content/uploads/sites/3/2020/01/post-image-3.jpg]
[demo.xpeedstudio.com/evenex/meetup/category/technology/index.html]
[demo.xpeedstudio.com/evenex/meetup/wp-login.html]
[demo.xpeedstudio.com/evenex/meetup/news/index.html]
[demo.xpeedstudio.com/evenex/meetup/category/networking/index.html]
[demo.xpeedstudio.com/evenex/meetup/2019/09/index.html]
[demo.xpeedstudio.com/evenex/meetup/attracting-more-than-2600-global-from-publications/index.html]
[demo.xpeedstudio.com/evenex/meetup/wp-content/uploads/sites/3/elementor/css/post-3259c940.css]
[demo.xpeedstudio.com/evenex/meetup/wp-content/themes/evenex/assets/css/master75a5.css]
[demo.xpeedstudio.com/evenex/meetup/wp-json/wp/v2/pages/3259.json]
[demo.xpeedstudio.com/evenex/meetup/wp-json/oembed/1.0/embed2fd3.json]
[demo.xpeedstudio.com/evenex/meetup/wp-json/oembed/1.0/embed101c]
[demo.xpeedstudio.com/evenex/meetup/wp-content/uploads/sites/3/2020/02/speaker-soft-1.jpg]
[demo.xpeedstudio.com/evenex/meetup/wp-content/uploads/sites/3/2020/02/speaker-soft-2.jpg]
[demo.xpeedstudio.com/evenex/meetup/speaker/grace-amelia-duplicate-1/index.html]
[demo.xpeedstudio.com/evenex/meetup/wp-content/uploads/sites/3/2020/02/speaker-soft-3.jpg]
[demo.xpeedstudio.com/evenex/meetup/speaker/grace-amelia/index.html]
[demo.xpeedstudio.com/evenex/meetup/wp-content/uploads/sites/3/2020/02/speaker-soft-4.jpg]
[demo.xpeedstudio.com/evenex/meetup/speaker/jack-henry/index.html]
[demo.xpeedstudio.com/evenex/meetup/wp-content/uploads/sites/3/2020/02/speaker-soft-5.jpg]
[demo.xpeedstudio.com/evenex/meetup/wp-content/uploads/sites/3/2020/02/speaker-soft-6.jpg]
[demo.xpeedstudio.com/evenex/meetup/speaker/laura-bryant/index.html]
[demo.xpeedstudio.com/evenex/meetup/wp-content/uploads/sites/3/2020/02/speaker-soft-7.jpg]
[demo.xpeedstudio.com/evenex/meetup/speaker/devid-arone/index.html]
[demo.xpeedstudio.com/evenex/meetup/speaker/lucy-melisa/index.html]
[demo.xpeedstudio.com/evenex/meetup/wp-content/uploads/sites/3/2020/02/speaker-soft-8.jpg]
[demo.xpeedstudio.com/evenex/meetup/speaker-list/index.html]
[demo.xpeedstudio.com/evenex/meetup/wp-json/oembed/1.0/embedef06.json]
[demo.xpeedstudio.com/evenex/meetup/wp-json/oembed/1.0/embed61fe]
[demo.xpeedstudio.com/evenex/meetup/speaker/laura-bryant-duplicate-1/index.html]
[demo.xpeedstudio.com/evenex/meetup/speaker/feed/index.html]
[demo.xpeedstudio.com/evenex/meetup/wp-content/uploads/sites/3/2020/02/image_7.png]
[demo.xpeedstudio.com/evenex/meetup/speaker/devid-arone-duplicate-1/index.html]
[demo.xpeedstudio.com/evenex/meetup/speaker/felicia-iowa/index.html]
[demo.xpeedstudio.com/evenex/meetup/speaker/calista-ella/index.html]
[demo.xpeedstudio.com/evenex/meetup/wp-content/uploads/sites/3/2020/02/image_9.png]
[demo.xpeedstudio.com/evenex/meetup/speaker/index.html]
[demo.xpeedstudio.com/evenex/meetup/speaker/max-alexander/index.html]
[demo.xpeedstudio.com/evenex/meetup/speaker/page/3/index.html]
[demo.xpeedstudio.com/evenex/meetup/speaker/page/2/index.html]
[demo.xpeedstudio.com/evenex/meetup/speaker/page/4/index.html]
[demo.xpeedstudio.com/evenex/meetup/speaker-categories/consultant/feed/index.html]
[demo.xpeedstudio.com/evenex/meetup/wp-content/themes/evenex/assets/css/master2e7e.css]
[demo.xpeedstudio.com/evenex/meetup/speaker-categories/consultant/index.html]
[demo.xpeedstudio.com/evenex/meetup/wp-content/uploads/sites/3/elementor/css/post-557def8.css]
[demo.xpeedstudio.com/evenex/meetup/wp-content/themes/evenex/assets/css/master4723.css]
[demo.xpeedstudio.com/evenex/meetup/wp-json/wp/v2/pages/557.json]
[demo.xpeedstudio.com/evenex/meetup/wp-json/oembed/1.0/embed1893.json]
[demo.xpeedstudio.com/evenex/meetup/wp-json/oembed/1.0/embed6d7f]
[demo.xpeedstudio.com/evenex/meetup/wp-content/uploads/sites/3/2020/02/location-1-e1602579130187.png]
[demo.xpeedstudio.com/evenex/meetup/wp-content/uploads/sites/3/2020/02/location-2-e1602579096471.png]
[demo.xpeedstudio.com/evenex/meetup/wp-content/uploads/sites/3/2020/01/sponsor_medusis.png]
[demo.xpeedstudio.com/evenex/meetup/wp-content/uploads/sites/3/2020/01/venue-sponsor_healthy-habits.png]
[demo.xpeedstudio.com/evenex/meetup/wp-content/uploads/sites/3/2020/01/venue-sponsor_sleep-in-genoa.png]
[demo.xpeedstudio.com/evenex/meetup/wp-content/uploads/sites/3/2020/01/venue-sponsor-korum.png]
[demo.xpeedstudio.com/evenex/meetup/wp-content/uploads/sites/3/2020/01/venue-sponsor-maison-rasmi.png]
[demo.xpeedstudio.com/evenex/meetup/wp-content/uploads/sites/3/2020/01/venue-sponsor_melrose.png]
[demo.xpeedstudio.com/evenex/meetup/wp-content/uploads/sites/3/2020/01/venue-sponsor_encore.png]
[demo.xpeedstudio.com/evenex/meetup/wp-content/uploads/sites/3/2020/01/venue-hotel-room-03.jpg]
[demo.xpeedstudio.com/evenex/meetup/wp-content/uploads/sites/3/2020/01/venue-hotel-room-02.jpg]
[demo.xpeedstudio.com/evenex/meetup/wp-content/uploads/sites/3/2020/01/venue-hotel-room-01.jpg]
[demo.xpeedstudio.com/evenex/meetup/venue/index.html]
[demo.xpeedstudio.com/evenex/meetup/wp-content/uploads/sites/3/elementor/css/post-5038b6d9.css]
[demo.xpeedstudio.com/evenex/meetup/wp-content/themes/evenex/assets/css/mastere3d1.css]
[demo.xpeedstudio.com/evenex/meetup/wp-json/wp/v2/pages/5038.json]
[demo.xpeedstudio.com/evenex/meetup/wp-json/oembed/1.0/embedb8a2.json]
[demo.xpeedstudio.com/evenex/meetup/wp-json/oembed/1.0/embed9862]
[demo.xpeedstudio.com/evenex/meetup/wp-content/uploads/sites/3/2020/03/hotel_room1.jpg]
[demo.xpeedstudio.com/evenex/meetup/wp-content/uploads/sites/3/2020/03/hotel_room2.jpg]
[demo.xpeedstudio.com/evenex/meetup/hotel-room/index.html]
[demo.xpeedstudio.com/evenex/meetup/wp-content/uploads/sites/3/elementor/css/post-125dc2d.css]
[demo.xpeedstudio.com/evenex/meetup/wp-json/wp/v2/pages/125.json]
[demo.xpeedstudio.com/evenex/meetup/wp-json/oembed/1.0/embed36d7.json]
[demo.xpeedstudio.com/evenex/meetup/wp-json/oembed/1.0/embedcfd5]
[demo.xpeedstudio.com/evenex/meetup/wp-content/uploads/sites/3/2020/01/support-faq-title-border-bottom-img.png]
[demo.xpeedstudio.com/evenex/meetup/wp-content/uploads/sites/3/2020/01/08_Support-FAQ.png]
[demo.xpeedstudio.com/evenex/meetup/wp-content/uploads/sites/3/elementor/css/post-194dc2d.css]
[demo.xpeedstudio.com/evenex/meetup/wp-content/plugins/metform/public/assets/css/metform-ui431f.css]
[demo.xpeedstudio.com/evenex/meetup/wp-content/plugins/metform/public/assets/css/style431f.css]
[demo.xpeedstudio.com/evenex/meetup/wp-content/plugins/metform/public/assets/js/htm431f.js]
[demo.xpeedstudio.com/evenex/meetup/support-faq/index.html]
[demo.xpeedstudio.com/evenex/meetup/wp-content/plugins/metform/public/assets/js/app431f.js]
[demo.xpeedstudio.com/evenex/meetup/wp-content/uploads/sites/3/elementor/css/post-6140336.css]
[demo.xpeedstudio.com/evenex/meetup/wp-json/wp/v2/pages/614.json]
[demo.xpeedstudio.com/evenex/meetup/wp-json/oembed/1.0/embedc825.json]
[demo.xpeedstudio.com/evenex/meetup/wp-json/oembed/1.0/embedbb87]
[demo.xpeedstudio.com/evenex/meetup/wp-content/uploads/sites/3/2020/01/Support-FAQ-plus-icon.png]
[demo.xpeedstudio.com/evenex/meetup/sponsor/index.html]
[demo.xpeedstudio.com/evenex/meetup/wp-content/uploads/sites/3/elementor/css/post-455467a.css]
[demo.xpeedstudio.com/evenex/meetup/wp-content/themes/evenex/assets/css/masterc68a.css]
[demo.xpeedstudio.com/evenex/meetup/wp-json/wp/v2/pages/455.json]
[demo.xpeedstudio.com/evenex/meetup/wp-json/oembed/1.0/embed2d5d.json]
[demo.xpeedstudio.com/evenex/meetup/wp-json/oembed/1.0/embedb6e1]
[demo.xpeedstudio.com/evenex/meetup/wp-content/uploads/sites/3/2020/01/gallery-dots.png]
[demo.xpeedstudio.com/evenex/meetup/wp-content/uploads/sites/3/2020/01/gallery_image_1.jpg]
[demo.xpeedstudio.com/evenex/meetup/wp-content/uploads/sites/3/2020/01/gallery_image_2.jpg]
[demo.xpeedstudio.com/evenex/meetup/wp-content/uploads/sites/3/2020/01/gallery_image_3.jpg]
[demo.xpeedstudio.com/evenex/meetup/wp-content/uploads/sites/3/2020/01/gallery_image_4.jpg]
[demo.xpeedstudio.com/evenex/meetup/wp-content/uploads/sites/3/2020/01/gallery_image_5.jpg]
[demo.xpeedstudio.com/evenex/meetup/wp-content/uploads/sites/3/2020/02/gallery_protrait_image.jpg]
[demo.xpeedstudio.com/evenex/meetup/wp-content/uploads/sites/3/2020/01/gallery_image_7.jpg]
[demo.xpeedstudio.com/evenex/meetup/wp-content/uploads/sites/3/2020/01/gallery_image_8.jpg]
[demo.xpeedstudio.com/evenex/meetup/wp-content/uploads/sites/3/2020/01/gallery_image_9.jpg]
[demo.xpeedstudio.com/evenex/meetup/wp-content/uploads/sites/3/2020/01/gallery_image_10.jpg]
[demo.xpeedstudio.com/evenex/meetup/gallery/index.html]
[demo.xpeedstudio.com/evenex/meetup/wp-content/uploads/sites/3/elementor/css/post-7492ad2.css]
[demo.xpeedstudio.com/evenex/meetup/wp-content/themes/evenex/assets/css/masterd77c.css]
[demo.xpeedstudio.com/evenex/meetup/wp-json/wp/v2/pages/749.json]
[demo.xpeedstudio.com/evenex/meetup/wp-json/oembed/1.0/embed7816.json]
[demo.xpeedstudio.com/evenex/meetup/wp-json/oembed/1.0/embed9889]
[demo.xpeedstudio.com/evenex/meetup/wp-content/uploads/sites/3/2020/01/Venue-hotel-right-icon.png]
[demo.xpeedstudio.com/evenex/meetup/wp-content/uploads/sites/3/2020/10/icon-img.png]
[demo.xpeedstudio.com/evenex/meetup/wp-content/uploads/sites/3/2020/10/icon-img-2.png]
[demo.xpeedstudio.com/evenex/meetup/wp-content/uploads/sites/3/2020/10/icon-img-3.png]
[demo.xpeedstudio.com/evenex/meetup/pricing-plan/index.html]
[demo.xpeedstudio.com/evenex/meetup/wp-content/uploads/sites/3/elementor/css/post-1101d3.css]
[demo.xpeedstudio.com/evenex/meetup/wp-json/wp/v2/pages/11.json]
[demo.xpeedstudio.com/evenex/meetup/wp-json/oembed/1.0/embed7e2f.json]
[demo.xpeedstudio.com/evenex/meetup/wp-json/oembed/1.0/embed4a61]
[demo.xpeedstudio.com/evenex/meetup/wp-content/uploads/sites/3/elementor/css/post-120b06c.css]
[demo.xpeedstudio.com/evenex/meetup/contact-us/index.html]
[demo.xpeedstudio.com/evenex/meetup/wp-content/uploads/sites/3/elementor/css/post-5277eef7.css]
[demo.xpeedstudio.com/evenex/meetup/wp-content/themes/evenex/assets/css/masterd569.css]
[demo.xpeedstudio.com/evenex/meetup/wp-json/wp/v2/pages/5277.json]
[demo.xpeedstudio.com/evenex/meetup/wp-json/oembed/1.0/embed4c5b.json]
[demo.xpeedstudio.com/evenex/meetup/wp-json/oembed/1.0/embed32c5]
[demo.xpeedstudio.com/evenex/meetup/elements/accordion/index.html]
[demo.xpeedstudio.com/evenex/meetup/wp-content/uploads/sites/3/elementor/css/post-5279acc0.css]
[demo.xpeedstudio.com/evenex/meetup/wp-json/wp/v2/pages/5279.json]
[demo.xpeedstudio.com/evenex/meetup/wp-json/oembed/1.0/embed435d.json]
[demo.xpeedstudio.com/evenex/meetup/wp-json/oembed/1.0/embed511b]
[demo.xpeedstudio.com/evenex/meetup/wp-content/uploads/sites/3/2020/02/clock-image.png]
[demo.xpeedstudio.com/evenex/meetup/wp-content/uploads/sites/3/2020/02/events-shape-01.png]
[demo.xpeedstudio.com/evenex/meetup/elements/count-down-timer/index.html]
[demo.xpeedstudio.com/evenex/meetup/wp-content/uploads/sites/3/elementor/css/post-52811b0f.css]
[demo.xpeedstudio.com/evenex/meetup/wp-content/themes/evenex/assets/css/master730d.css]
[demo.xpeedstudio.com/evenex/meetup/wp-json/wp/v2/pages/5281.json]
[demo.xpeedstudio.com/evenex/meetup/wp-json/oembed/1.0/embedfda5.json]
[demo.xpeedstudio.com/evenex/meetup/wp-json/oembed/1.0/embeda30d]
[wp.xpeedstudio.com/sassico/wp-content/uploads/2019/12/image-accordion-14.jpg]
[wp.xpeedstudio.com/sassico/wp-content/uploads/2019/12/image-accordion-16.jpg]
[wp.xpeedstudio.com/sassico/wp-content/uploads/2019/12/image-accordion-15.jpg]
[wp.xpeedstudio.com/sassico/wp-content/uploads/2019/12/image-accordion-10.jpg]
[wp.xpeedstudio.com/sassico/wp-content/uploads/2019/12/image-accordion-11.jpg]
[wp.xpeedstudio.com/sassico/wp-content/uploads/2019/12/image-accordion-8.jpg]
[demo.xpeedstudio.com/evenex/meetup/elements/image-accordion/index.html]
[demo.xpeedstudio.com/evenex/meetup/wp-content/uploads/sites/3/elementor/css/post-5287b077.css]
[demo.xpeedstudio.com/evenex/meetup/wp-json/wp/v2/pages/5287.json]
[demo.xpeedstudio.com/evenex/meetup/wp-json/oembed/1.0/embed5988.json]
[demo.xpeedstudio.com/evenex/meetup/wp-json/oembed/1.0/embeddde3]
[demo.xpeedstudio.com/evenex/meetup/elements/pie-chart/index.html]
[demo.xpeedstudio.com/evenex/meetup/wp-content/uploads/sites/3/elementor/css/post-5289a798.css]
[demo.xpeedstudio.com/evenex/meetup/wp-content/themes/evenex/assets/css/master6304.css]
[demo.xpeedstudio.com/evenex/meetup/wp-json/wp/v2/pages/5289.json]
[demo.xpeedstudio.com/evenex/meetup/wp-json/oembed/1.0/embed5823.json]
[demo.xpeedstudio.com/evenex/meetup/wp-json/oembed/1.0/embed1691]
[wp.xpeedstudio.com/sassico/wp-content/uploads/2019/12/image-comparison-2.jpg]
[wp.xpeedstudio.com/sassico/wp-content/uploads/2019/12/image-comparison-1.jpg]
[demo.xpeedstudio.com/evenex/meetup/wp-includes/js/imagesloaded.mineda1.js]
[demo.xpeedstudio.com/evenex/meetup/elements/image-comparison/index.html]
[demo.xpeedstudio.com/evenex/meetup/wp-content/uploads/sites/3/elementor/css/post-53673d00.css]
[demo.xpeedstudio.com/evenex/meetup/wp-json/wp/v2/pages/5367.json]
[demo.xpeedstudio.com/evenex/meetup/wp-json/oembed/1.0/embed8b47.json]
[demo.xpeedstudio.com/evenex/meetup/wp-json/oembed/1.0/embed2495]
[demo.xpeedstudio.com/evenex/meetup/elements/blog/index.html]
[demo.xpeedstudio.com/evenex/meetup/wp-content/uploads/sites/3/elementor/css/post-53736ccf.css]
[demo.xpeedstudio.com/evenex/meetup/wp-content/themes/evenex/assets/css/mastercbec.css]
[demo.xpeedstudio.com/evenex/meetup/wp-json/wp/v2/pages/5373.json]
[demo.xpeedstudio.com/evenex/meetup/wp-json/oembed/1.0/embed4969.json]
[demo.xpeedstudio.com/evenex/meetup/wp-json/oembed/1.0/embedcd9b]
[demo.xpeedstudio.com/evenex/meetup/elements/faq/index.html]
[demo.xpeedstudio.com/evenex/meetup/wp-content/uploads/sites/3/elementor/css/post-53836cb9.css]
[demo.xpeedstudio.com/evenex/meetup/wp-json/wp/v2/pages/5383.json]
[demo.xpeedstudio.com/evenex/meetup/wp-json/oembed/1.0/embed940e.json]
[demo.xpeedstudio.com/evenex/meetup/wp-json/oembed/1.0/embed0031]
[wp.xpeedstudio.com/sassico/wp-content/uploads/2019/12/explore-1.jpg]
[wp.xpeedstudio.com/sassico/wp-content/uploads/2019/12/explore-2.jpg]
[wp.xpeedstudio.com/sassico/wp-content/uploads/2019/12/explore-3.jpg]
[wp.xpeedstudio.com/sassico/wp-content/uploads/2019/12/image-accordion-4.jpg]
[wp.xpeedstudio.com/sassico/wp-content/uploads/2019/12/image-accordion-7.jpg]
[wp.xpeedstudio.com/sassico/wp-content/uploads/2019/12/image-accordion-12.jpg]
[wp.xpeedstudio.com/sassico/wp-content/uploads/2019/12/image-accordion-9.jpg]
[demo.xpeedstudio.com/evenex/meetup/elements/image-box/index.html]
[demo.xpeedstudio.com/evenex/meetup/wp-content/uploads/sites/3/elementor/css/post-5394b70a.css]
[demo.xpeedstudio.com/evenex/meetup/wp-content/themes/evenex/assets/css/mastera495.css]
[demo.xpeedstudio.com/evenex/meetup/wp-json/wp/v2/pages/5394.json]
[demo.xpeedstudio.com/evenex/meetup/wp-json/oembed/1.0/embede63f.json]
[demo.xpeedstudio.com/evenex/meetup/wp-json/oembed/1.0/embed4914]
[demo.xpeedstudio.com/evenex/meetup/wp-content/uploads/sites/3/2020/02/events-shape-02.png]
[demo.xpeedstudio.com/evenex/meetup/elements/pricing/index.html]
[demo.xpeedstudio.com/evenex/meetup/wp-content/uploads/sites/3/elementor/css/post-540063f8.css]
[demo.xpeedstudio.com/evenex/meetup/wp-json/wp/v2/pages/5400.json]
[demo.xpeedstudio.com/evenex/meetup/wp-json/oembed/1.0/embedf494.json]
[demo.xpeedstudio.com/evenex/meetup/wp-json/oembed/1.0/embed25bb]
[demo.xpeedstudio.com/evenex/meetup/wp-content/uploads/sites/3/elementor/css/post-5419ecd0.css]
[demo.xpeedstudio.com/evenex/meetup/wp-content/uploads/sites/3/elementor/css/post-5425ecd0.css]
[google.com/recaptcha/apib091.js]
[demo.xpeedstudio.com/evenex/meetup/elements/contact-form/index.html]
[demo.xpeedstudio.com/evenex/meetup/wp-content/plugins/metform/public/assets/js/recaptcha-support431f.js]
[demo.xpeedstudio.com/evenex/meetup/wp-content/uploads/sites/3/elementor/css/post-54382f12.css]
[demo.xpeedstudio.com/evenex/meetup/wp-json/wp/v2/pages/5438.json]
[demo.xpeedstudio.com/evenex/meetup/wp-json/oembed/1.0/embedba09.json]
[demo.xpeedstudio.com/evenex/meetup/wp-json/oembed/1.0/embedecd8]
[demo.xpeedstudio.com/evenex/meetup/elements/social-media/index.html]
[demo.xpeedstudio.com/evenex/meetup/wp-content/uploads/sites/3/elementor/css/post-54422969.css]
[demo.xpeedstudio.com/evenex/meetup/wp-content/themes/evenex/assets/css/master2f96.css]
[demo.xpeedstudio.com/evenex/meetup/wp-json/wp/v2/pages/5442.json]
[demo.xpeedstudio.com/evenex/meetup/wp-json/oembed/1.0/embedc705.json]
[demo.xpeedstudio.com/evenex/meetup/wp-json/oembed/1.0/embedc926]
[demo.xpeedstudio.com/evenex/meetup/wp-content/uploads/sites/3/2020/02/logo_7.png]
[demo.xpeedstudio.com/evenex/meetup/wp-content/uploads/sites/3/2020/02/home3-sponsor-logo-07.png]
[demo.xpeedstudio.com/evenex/meetup/elements/client-logo/index.html]
[demo.xpeedstudio.com/evenex/meetup/wp-content/uploads/sites/3/elementor/css/post-54497ba3.css]
[demo.xpeedstudio.com/evenex/meetup/wp-json/wp/v2/pages/5449.json]
[demo.xpeedstudio.com/evenex/meetup/wp-json/oembed/1.0/embede343.json]
[demo.xpeedstudio.com/evenex/meetup/wp-json/oembed/1.0/embed0666]
[demo.xpeedstudio.com/evenex/meetup/wp-content/uploads/sites/3/2020/02/shape-regular.png]
[wp.xpeedstudio.com/sassico/wp-content/uploads/2019/12/funfacts-icon-1.png]
[wp.xpeedstudio.com/sassico/wp-content/uploads/2019/12/funfacts-icon-2.png]
[wp.xpeedstudio.com/sassico/wp-content/uploads/2019/12/funfacts-icon-3.png]
[wp.xpeedstudio.com/sassico/wp-content/uploads/2019/12/funfacts-icon-4.png]
[demo.xpeedstudio.com/evenex/meetup/elements/fun-fact/index.html]
[demo.xpeedstudio.com/evenex/meetup/wp-content/uploads/sites/3/elementor/css/post-5458c1e0.css]
[demo.xpeedstudio.com/evenex/meetup/wp-json/wp/v2/pages/5458.json]
[demo.xpeedstudio.com/evenex/meetup/wp-json/oembed/1.0/embedbdb9.json]
[demo.xpeedstudio.com/evenex/meetup/wp-json/oembed/1.0/embed390c]
[demo.xpeedstudio.com/evenex/meetup/elements/progress-bar/index.html]
[demo.xpeedstudio.com/evenex/meetup/wp-content/uploads/sites/3/elementor/css/post-5462e410.css]
[demo.xpeedstudio.com/evenex/meetup/wp-content/themes/evenex/assets/css/masterda29.css]
[demo.xpeedstudio.com/evenex/meetup/wp-json/wp/v2/pages/5462.json]
[demo.xpeedstudio.com/evenex/meetup/wp-json/oembed/1.0/embed9831.json]
[demo.xpeedstudio.com/evenex/meetup/wp-json/oembed/1.0/embed7c99]
[demo.xpeedstudio.com/evenex/meetup/elements/mail-chimp/index.html]
[demo.xpeedstudio.com/evenex/meetup/wp-content/uploads/sites/3/elementor/css/post-5467e5d3.css]
[demo.xpeedstudio.com/evenex/meetup/wp-json/wp/v2/pages/5467.json]
[demo.xpeedstudio.com/evenex/meetup/wp-json/oembed/1.0/embed027a.json]
[demo.xpeedstudio.com/evenex/meetup/wp-json/oembed/1.0/embedb174]
[demo.xpeedstudio.com/evenex/meetup/elements/video/index.html]
[demo.xpeedstudio.com/evenex/meetup/wp-content/uploads/sites/3/elementor/css/post-5471b59a.css]
[demo.xpeedstudio.com/evenex/meetup/wp-content/themes/evenex/assets/css/masterf713.css]
[demo.xpeedstudio.com/evenex/meetup/wp-json/wp/v2/pages/5471.json]
[demo.xpeedstudio.com/evenex/meetup/wp-json/oembed/1.0/embeda446.json]
[demo.xpeedstudio.com/evenex/meetup/wp-json/oembed/1.0/embed9915]
[demo.xpeedstudio.com/evenex/meetup/elements/tab/index.html]
[demo.xpeedstudio.com/evenex/meetup/wp-content/uploads/sites/3/elementor/css/post-54764c87.css]
[demo.xpeedstudio.com/evenex/meetup/wp-json/wp/v2/pages/5476.json]
[demo.xpeedstudio.com/evenex/meetup/wp-json/oembed/1.0/embedd43e.json]
[demo.xpeedstudio.com/evenex/meetup/wp-json/oembed/1.0/embed3102]
[demo.xpeedstudio.com/evenex/meetup/elements/icon-box/index.html]
[demo.xpeedstudio.com/evenex/meetup/wp-content/uploads/sites/3/elementor/css/post-54839b7d.css]
[demo.xpeedstudio.com/evenex/meetup/wp-content/themes/evenex/assets/css/master7029.css]
[demo.xpeedstudio.com/evenex/meetup/wp-json/wp/v2/pages/5483.json]
[demo.xpeedstudio.com/evenex/meetup/wp-json/oembed/1.0/embede1b8.json]
[demo.xpeedstudio.com/evenex/meetup/wp-json/oembed/1.0/embed868c]
[demo.xpeedstudio.com/evenex/meetup/wp-content/uploads/sites/3/2020/02/avatar_02.png]
[demo.xpeedstudio.com/evenex/meetup/wp-content/uploads/sites/3/2020/02/avatar_03.png]
[demo.xpeedstudio.com/evenex/meetup/elements/testimonial/index.html]
[demo.xpeedstudio.com/evenex/meetup/wp-content/uploads/sites/3/elementor/css/post-5488c9a9.css]
[demo.xpeedstudio.com/evenex/meetup/wp-content/themes/evenex/assets/css/master31ef.css]
[demo.xpeedstudio.com/evenex/meetup/wp-json/wp/v2/pages/5488.json]
[demo.xpeedstudio.com/evenex/meetup/wp-json/oembed/1.0/embedcff0.json]
[demo.xpeedstudio.com/evenex/meetup/wp-json/oembed/1.0/embed6b89]
[demo.xpeedstudio.com/evenex/meetup/wp-content/uploads/sites/3/2020/02/team-1.jpg]
[demo.xpeedstudio.com/evenex/meetup/wp-content/uploads/sites/3/2020/10/masonary-gallery_05.jpg]
[demo.xpeedstudio.com/evenex/meetup/wp-content/uploads/sites/3/2020/10/team-2.jpg]
[demo.xpeedstudio.com/evenex/meetup/wp-content/uploads/sites/3/2020/02/team-3.jpg]
[wp.xpeedstudio.com/sassico/wp-content/uploads/2019/12/team_5.jpg]
[wp.xpeedstudio.com/sassico/wp-content/uploads/2019/12/team_2.jpg]
[wp.xpeedstudio.com/sassico/wp-content/uploads/2019/12/team_3.jpg]
[wp.xpeedstudio.com/sassico/wp-content/uploads/2019/12/team_4.jpg]
[wp.xpeedstudio.com/sassico/wp-content/uploads/2019/12/team_9.jpg]
[wp.xpeedstudio.com/sassico/wp-content/uploads/2019/12/team_16.jpg]
[wp.xpeedstudio.com/sassico/wp-content/uploads/2019/12/team_17.jpg]
[wp.xpeedstudio.com/sassico/wp-content/uploads/2019/12/team_8.jpg]
[wp.xpeedstudio.com/sassico/wp-content/uploads/2019/12/team_1.jpg]
[wp.xpeedstudio.com/sassico/wp-content/uploads/2019/12/team_10.jpg]
[wp.xpeedstudio.com/sassico/wp-content/uploads/2019/12/team_11.jpg]
[wp.xpeedstudio.com/sassico/wp-content/uploads/2019/12/team_6-1.jpg]
[demo.xpeedstudio.com/evenex/meetup/elements/team/index.html]
[demo.xpeedstudio.com/evenex/meetup/wp-content/uploads/sites/3/elementor/css/post-549865be.css]
[demo.xpeedstudio.com/evenex/meetup/wp-json/wp/v2/pages/5498.json]
[demo.xpeedstudio.com/evenex/meetup/wp-json/oembed/1.0/embed3bcf.json]
[demo.xpeedstudio.com/evenex/meetup/wp-json/oembed/1.0/embed81e7]
[wp.xpeedstudio.com/sassico/wp-content/uploads/2019/12/Call_to_Actions1.png]
[demo.xpeedstudio.com/evenex/meetup/elements/call-to-action/index.html]
[demo.xpeedstudio.com/evenex/meetup/wp-content/themes/evenex/assets/css/masterccf1.css]
[demo.xpeedstudio.com/evenex/meetup/wp-json/oembed/1.0/embedcb1b.json]
[demo.xpeedstudio.com/evenex/meetup/wp-json/oembed/1.0/embedd314]
[demo.xpeedstudio.com/evenex/meetup/speaker/evelyn-harper-duplicate-1/index.html]
[demo.xpeedstudio.com/evenex/meetup/wp-content/themes/evenex/assets/css/master3647.css]
[demo.xpeedstudio.com/evenex/meetup/wp-json/oembed/1.0/embed4354.json]
[demo.xpeedstudio.com/evenex/meetup/wp-json/oembed/1.0/embeda1df]
[demo.xpeedstudio.com/evenex/meetup/speaker/ava-charlotte-4/index.html]
[demo.xpeedstudio.com/evenex/meetup/speaker/james-william/index.html]
[demo.xpeedstudio.com/evenex/meetup/wp-content/themes/evenex/assets/css/master5e05.css]
[demo.xpeedstudio.com/evenex/meetup/wp-json/oembed/1.0/embeda7be.json]
[demo.xpeedstudio.com/evenex/meetup/wp-json/oembed/1.0/embedb8a2]
[demo.xpeedstudio.com/evenex/meetup/speaker/angela-howard/index.html]
[demo.xpeedstudio.com/evenex/meetup/wp-json/oembed/1.0/embedc027.json]
[demo.xpeedstudio.com/evenex/meetup/wp-json/oembed/1.0/embede708]
[demo.xpeedstudio.com/evenex/meetup/speaker/evelyn-harper/index.html]
[demo.xpeedstudio.com/evenex/meetup/wp-content/themes/evenex/assets/css/master67a3.css]
[demo.xpeedstudio.com/evenex/meetup/wp-json/oembed/1.0/embed4672.json]
[demo.xpeedstudio.com/evenex/meetup/wp-json/oembed/1.0/embed5a01]
[demo.xpeedstudio.com/evenex/meetup/speaker/evelyn-harper-2/index.html]
[demo.xpeedstudio.com/evenex/meetup/wp-json/oembed/1.0/embed69c3.json]
[demo.xpeedstudio.com/evenex/meetup/wp-json/oembed/1.0/embedd9e1]
[demo.xpeedstudio.com/evenex/meetup/speaker/jack-henry-2/index.html]
[demo.xpeedstudio.com/evenex/meetup/wp-content/themes/evenex/assets/css/mastere0e5.css]
[demo.xpeedstudio.com/evenex/meetup/wp-json/oembed/1.0/embed73ca.json]
[demo.xpeedstudio.com/evenex/meetup/wp-json/oembed/1.0/embede6b8]
[demo.xpeedstudio.com/evenex/meetup/speaker/ava-charlotte/index.html]
[demo.xpeedstudio.com/evenex/meetup/wp-json/oembed/1.0/embed7438.json]
[demo.xpeedstudio.com/evenex/meetup/wp-json/oembed/1.0/embed841f]
[demo.xpeedstudio.com/evenex/meetup/speaker/trevor-harrison-duplicate-1/index.html]
[demo.xpeedstudio.com/evenex/meetup/wp-content/themes/evenex/assets/css/master0f06.css]
[demo.xpeedstudio.com/evenex/meetup/wp-json/oembed/1.0/embed1833.json]
[demo.xpeedstudio.com/evenex/meetup/wp-json/oembed/1.0/embedf6c2]
[demo.xpeedstudio.com/evenex/meetup/speaker/trevor-harrison/index.html]
[demo.xpeedstudio.com/evenex/meetup/wp-json/oembed/1.0/embed9fb2.json]
[demo.xpeedstudio.com/evenex/meetup/wp-json/oembed/1.0/embede7a5]
[demo.xpeedstudio.com/evenex/meetup/speaker/nathan-baker/index.html]
[demo.xpeedstudio.com/evenex/meetup/wp-content/themes/evenex/assets/css/mastere1f9.css]
[demo.xpeedstudio.com/evenex/meetup/wp-json/oembed/1.0/embed8d04.json]
[demo.xpeedstudio.com/evenex/meetup/wp-json/oembed/1.0/embed8ba0]
[demo.xpeedstudio.com/evenex/meetup/speaker/mitchell-perkins/index.html]
[demo.xpeedstudio.com/evenex/meetup/wp-content/uploads/sites/3/elementor/css/post-52722d23.css]
[demo.xpeedstudio.com/evenex/meetup/wp-content/uploads/sites/3/elementor/css/post-35262d23.css]
[demo.xpeedstudio.com/evenex/meetup/wp-content/plugins/elementor/assets/lib/animations/animations.mina25a.css]
[demo.xpeedstudio.com/evenex/meetup/wp-content/plugins/elementor/assets/lib/font-awesome/css/regular.min52d5.css]
[demo.xpeedstudio.com/evenex/meetup/wp-content/plugins/elementor/assets/lib/font-awesome/webfonts/fa-brands-400.svg]
[demo.xpeedstudio.com/evenex/meetup/wp-content/plugins/elementor/assets/lib/font-awesome/webfonts/fa-regular-400.svg]
[demo.xpeedstudio.com/evenex/meetup/wp-content/plugins/elementor/assets/lib/font-awesome/webfonts/fa-solid-900.svg]
[demo.xpeedstudio.com/evenex/meetup/wp-content/plugins/woocommerce/assets/fonts/star.svg]
[demo.xpeedstudio.com/evenex/meetup/wp-content/plugins/woocommerce/assets/fonts/WooCommerce.svg]
[demo.xpeedstudio.com/evenex/meetup/wp-content/plugins/woocommerce/assets/images/icons/loader.svg]
[demo.xpeedstudio.com/evenex/meetup/wp-content/plugins/woocommerce/assets/images/icons/credit-cards/visa.svg]
[demo.xpeedstudio.com/evenex/meetup/wp-content/plugins/woocommerce/assets/images/icons/credit-cards/mastercard.svg]
[demo.xpeedstudio.com/evenex/meetup/wp-content/plugins/woocommerce/assets/images/icons/credit-cards/laser.svg]
[demo.xpeedstudio.com/evenex/meetup/wp-content/plugins/woocommerce/assets/images/icons/credit-cards/diners.svg]
[demo.xpeedstudio.com/evenex/meetup/wp-content/plugins/woocommerce/assets/images/icons/credit-cards/maestro.svg]
[demo.xpeedstudio.com/evenex/meetup/wp-content/plugins/woocommerce/assets/images/icons/credit-cards/jcb.svg]
[demo.xpeedstudio.com/evenex/meetup/wp-content/plugins/woocommerce/assets/images/icons/credit-cards/amex.svg]
[demo.xpeedstudio.com/evenex/meetup/wp-content/plugins/woocommerce/assets/images/icons/credit-cards/discover.svg]
[demo.xpeedstudio.com/evenex/meetup/wp-content/plugins/wp-social/assets/css/fonts/met-social150e.svg]
[demo.xpeedstudio.com/evenex/meetup/wp-content/plugins/wp-user-avatar/assets/images/social-login/google.svg]
[demo.xpeedstudio.com/evenex/meetup/wp-content/plugins/wp-user-avatar/assets/images/social-login/vk-fa.svg]
[demo.xpeedstudio.com/evenex/meetup/wp-content/plugins/wp-user-avatar/assets/images/social-login/facebook.svg]
[demo.xpeedstudio.com/evenex/meetup/wp-content/plugins/wp-user-avatar/assets/images/social-login/twitter.svg]
[demo.xpeedstudio.com/evenex/meetup/wp-content/plugins/wp-user-avatar/assets/images/social-login/linkedin.svg]
[demo.xpeedstudio.com/evenex/meetup/wp-content/plugins/wp-user-avatar/assets/images/social-login/github-fa.svg]
[demo.xpeedstudio.com/evenex/meetup/wp-content/plugins/wp-event-solution/assets/webfonts/fa-brands-400.svg]
[demo.xpeedstudio.com/evenex/meetup/wp-content/plugins/wp-event-solution/assets/webfonts/fa-regular-400.svg]
[demo.xpeedstudio.com/evenex/meetup/wp-content/plugins/wp-event-solution/assets/webfonts/fa-solid-900.svg]
[demo.xpeedstudio.com/evenex/meetup/wp-content/plugins/elementor/assets/lib/eicons/fonts/eiconsdc2c.svg]
[demo.xpeedstudio.com/evenex/meetup/wp-content/themes/evenex/assets/fonts/xs-iconedf1.html]
[demo.xpeedstudio.com/evenex/meetup/wp-content/themes/evenex/assets/images/xs-eventlist-icon.svg]
[demo.xpeedstudio.com/evenex/meetup/wp-content/plugins/elementskit-lite/widgets/init/assets/img/cross-out.svg]
[demo.xpeedstudio.com/evenex/meetup/wp-content/uploads/sites/3/elementor/css/post-197ba3.css]
[demo.xpeedstudio.com/evenex/meetup/wp-content/uploads/sites/3/2020/01/contact_page_footer_buildings.png]
[demo.xpeedstudio.com/evenex/meetup/wp-content/uploads/sites/3/elementor/css/post-21547ba3.css]
[demo.xpeedstudio.com/evenex/wp-content/uploads/2020/01/about-bg1.png]
[demo.xpeedstudio.com/evenex/wp-content/uploads/2020/01/conterence-img.jpg]
[demo.xpeedstudio.com/evenex/meetup/wp-content/uploads/sites/3/2020/01/funfact-img.jpg]
[demo.xpeedstudio.com/evenex/meetup/wp-content/uploads/sites/3/2020/01/suppoer-Faq-parchase-bg.jpg]
[demo.xpeedstudio.com/evenex/meetup/wp-content/uploads/sites/3/2020/01/contact_page_newsletter_bg.jpg]
[demo.xpeedstudio.com/evenex/meetup/wp-content/uploads/sites/3/elementor/css/post-980bf.css]
[demo.xpeedstudio.com/evenex/meetup/wp-content/themes/evenex/assets/css/master1359.css]
[demo.xpeedstudio.com/evenex/meetup/indexb5fb.html]
[demo.xpeedstudio.com/evenex/meetup/wp-content/themes/evenex/assets/css/masterc5fd.css]
[demo.xpeedstudio.com/evenex/meetup/wp-json/oembed/1.0/embed7d2a.json]
[demo.xpeedstudio.com/evenex/meetup/wp-json/oembed/1.0/embeddbc8]
[demo.xpeedstudio.com/evenex/meetup/speaker/ava-charlotte-5/index.html]
[demo.xpeedstudio.com/evenex/meetup/wp-content/themes/evenex/assets/css/master051a.css]
[demo.xpeedstudio.com/evenex/meetup/wp-json/oembed/1.0/embed061d.json]
[demo.xpeedstudio.com/evenex/meetup/wp-json/oembed/1.0/embedd5c8]
[demo.xpeedstudio.com/evenex/meetup/speaker/james-william-2/index.html]
[demo.xpeedstudio.com/evenex/meetup/wp-content/themes/evenex/assets/css/master69c2.css]
[demo.xpeedstudio.com/evenex/meetup/wp-json/oembed/1.0/embed1486.json]
[demo.xpeedstudio.com/evenex/meetup/wp-json/oembed/1.0/embedd775]
[demo.xpeedstudio.com/evenex/meetup/speaker/grace-amelia-3/index.html]
[demo.xpeedstudio.com/evenex/meetup/wp-content/themes/evenex/assets/css/mastera0e4.css]
[demo.xpeedstudio.com/evenex/meetup/wp-json/oembed/1.0/embedaf36.json]
[demo.xpeedstudio.com/evenex/meetup/wp-json/oembed/1.0/embed9ad3]
[demo.xpeedstudio.com/evenex/meetup/speaker/max-alexander-2/index.html]
[demo.xpeedstudio.com/evenex/meetup/wp-content/uploads/sites/3/elementor/css/post-48785579.css]
[demo.xpeedstudio.com/evenex/meetup/wp-content/themes/evenex/assets/css/master412e.css]
[demo.xpeedstudio.com/evenex/meetup/indexf7a5.html]
[demo.xpeedstudio.com/evenex/meetup/wp-content/themes/evenex/assets/css/masterac1f.css]
[demo.xpeedstudio.com/evenex/meetup/wp-json/oembed/1.0/embedb2f7.json]
[demo.xpeedstudio.com/evenex/meetup/wp-json/oembed/1.0/embed04a6]
[demo.xpeedstudio.com/evenex/meetup/wp-content/uploads/sites/3/2020/02/speaker-01.png]
[demo.xpeedstudio.com/evenex/meetup/speaker/grace-amelia-2/index.html]
[demo.xpeedstudio.com/evenex/meetup/wp-content/themes/evenex/assets/css/master1c17.css]
[demo.xpeedstudio.com/evenex/meetup/wp-json/oembed/1.0/embed2f8e.json]
[demo.xpeedstudio.com/evenex/meetup/wp-json/oembed/1.0/embed8050]
[demo.xpeedstudio.com/evenex/meetup/speaker/ava-charlotte-2/index.html]
[demo.xpeedstudio.com/evenex/meetup/wp-content/uploads/sites/3/2020/01/contact_page_form_bg.jpg]
[demo.xpeedstudio.com/evenex/meetup/wp-content/uploads/sites/3/elementor/css/post-4890ffc5.css]
[demo.xpeedstudio.com/evenex/meetup/wp-content/themes/evenex/assets/css/masterd18e.css]
[demo.xpeedstudio.com/evenex/meetup/indexde8c.html]
[demo.xpeedstudio.com/evenex/meetup/speaker/jacob-keith/index.html]
[demo.xpeedstudio.com/evenex/meetup/wp-content/uploads/sites/3/2020/02/home3-official-background.png]
[demo.xpeedstudio.com/evenex/meetup/wp-content/uploads/sites/3/2020/10/home3-overlay.png]
[demo.xpeedstudio.com/evenex/meetup/wp-content/uploads/sites/3/elementor/css/post-490553c7.css]
[demo.xpeedstudio.com/evenex/meetup/indexc01a.html]
[demo.xpeedstudio.com/evenex/meetup/wp-content/themes/evenex/assets/css/mastercb6d.css]
[demo.xpeedstudio.com/evenex/meetup/wp-content/themes/evenex/assets/css/masterf02d.css]
[demo.xpeedstudio.com/evenex/meetup/this-year-over-70000-people-will-come-to-web-summit/feed/index.html]
[demo.xpeedstudio.com/evenex/meetup/wp-json/wp/v2/posts/1339.json]
[demo.xpeedstudio.com/evenex/meetup/wp-json/oembed/1.0/embed2697.json]
[demo.xpeedstudio.com/evenex/meetup/wp-json/oembed/1.0/embedfaa4]
[demo.xpeedstudio.com/evenex/meetup/tag/conference/index.html]
[demo.xpeedstudio.com/evenex/meetup/wp-includes/js/comment-reply.min76f9.js]
[demo.xpeedstudio.com/evenex/meetup/this-year-over-70000-people-will-come-to-web-summit/index.html]
[demo.xpeedstudio.com/evenex/meetup/author/index.html]
[demo.xpeedstudio.com/evenex/meetup/tag/evenx/index.html]
[demo.xpeedstudio.com/evenex/meetup/tag/wordpress/index.html]
[demo.xpeedstudio.com/evenex/meetup/category/workshop/feed/index.html]
[demo.xpeedstudio.com/evenex/meetup/wp-content/themes/evenex/assets/css/master4ff6.css]
[demo.xpeedstudio.com/evenex/meetup/wp-json/wp/v2/categories/10.json]
[demo.xpeedstudio.com/evenex/meetup/category/workshop/index.html]
[demo.xpeedstudio.com/evenex/meetup/the-most-promising-new-influential-pages-journalists/feed/index.html]
[demo.xpeedstudio.com/evenex/meetup/wp-content/themes/evenex/assets/css/masterf0d6.css]
[demo.xpeedstudio.com/evenex/meetup/wp-json/wp/v2/posts/1342.json]
[demo.xpeedstudio.com/evenex/meetup/wp-json/oembed/1.0/embed37dc.json]
[demo.xpeedstudio.com/evenex/meetup/wp-json/oembed/1.0/embed1967]
[demo.xpeedstudio.com/evenex/meetup/the-most-promising-new-influential-pages-journalists/index.html]
[demo.xpeedstudio.com/evenex/meetup/category/technology/feed/index.html]
[demo.xpeedstudio.com/evenex/meetup/wp-content/themes/evenex/assets/css/mastera191.css]
[demo.xpeedstudio.com/evenex/meetup/wp-json/wp/v2/categories/6.json]
[demo.xpeedstudio.com/evenex/meetup/category/technology/index.html]
[demo.xpeedstudio.com/evenex/meetup/wp-json/wp/v2/posts/1348.json]
[demo.xpeedstudio.com/evenex/meetup/attracting-more-than-2600-global-from-publications/feed/index.html]
[demo.xpeedstudio.com/evenex/meetup/wp-json/oembed/1.0/embed3f1f.json]
[demo.xpeedstudio.com/evenex/meetup/wp-json/oembed/1.0/embed05fa]
[demo.xpeedstudio.com/evenex/meetup/attracting-more-than-2600-global-from-publications/index.html]
[demo.xpeedstudio.com/evenex/meetup/wp-json/wp/v2/categories/11.json]
[demo.xpeedstudio.com/evenex/meetup/category/networking/index.html]
[demo.xpeedstudio.com/evenex/meetup/category/networking/feed/index.html]
[demo.xpeedstudio.com/evenex/meetup/tag/networking/index.html]
[demo.xpeedstudio.com/evenex/meetup/2019/09/index.html]
[demo.xpeedstudio.com/evenex/meetup/wp-content/themes/evenex/assets/css/masterbf46.css]
[demo.xpeedstudio.com/evenex/meetup/wp-includes/css/dashicons.min76f9.css]
[demo.xpeedstudio.com/evenex/meetup/wp-includes/css/buttons.min76f9.css]
[demo.xpeedstudio.com/evenex/meetup/wp-admin/css/forms.min76f9.css]
[demo.xpeedstudio.com/evenex/meetup/wp-admin/css/l10n.min76f9.css]
[demo.xpeedstudio.com/evenex/meetup/wp-admin/css/login.min76f9.css]
[demo.xpeedstudio.com/evenex/meetup/wp-includes/js/zxcvbn-async.min5152.js]
[demo.xpeedstudio.com/evenex/meetup/wp-includes/js/dist/i18n.min9e38.js]
[demo.xpeedstudio.com/evenex/meetup/wp-admin/js/password-strength-meter.min76f9.js]
[demo.xpeedstudio.com/evenex/meetup/wp-includes/js/underscore.min4511.js]
[demo.xpeedstudio.com/evenex/meetup/wp-includes/js/wp-util.min76f9.js]
[demo.xpeedstudio.com/evenex/meetup/wp-admin/js/user-profile.min76f9.js]
[demo.xpeedstudio.com/evenex/meetup/wp-login.html]
[demo.xpeedstudio.com/evenex/meetup/wp-content/uploads/sites/3/elementor/css/post-3259c940.css]
[demo.xpeedstudio.com/evenex/meetup/wp-content/themes/evenex/assets/css/master75a5.css]
[demo.xpeedstudio.com/evenex/meetup/indexfb91.html]
[demo.xpeedstudio.com/evenex/meetup/wp-content/themes/evenex/assets/css/master5abc.css]
[demo.xpeedstudio.com/evenex/meetup/wp-json/oembed/1.0/embed7cc7.json]
[demo.xpeedstudio.com/evenex/meetup/wp-json/oembed/1.0/embed241d]
[demo.xpeedstudio.com/evenex/meetup/speaker/grace-amelia-duplicate-1/index.html]
[demo.xpeedstudio.com/evenex/meetup/wp-content/themes/evenex/assets/css/master5529.css]
[demo.xpeedstudio.com/evenex/meetup/wp-json/oembed/1.0/embed3507.json]
[demo.xpeedstudio.com/evenex/meetup/wp-json/oembed/1.0/embedff35]
[demo.xpeedstudio.com/evenex/meetup/speaker/grace-amelia/index.html]
[demo.xpeedstudio.com/evenex/meetup/wp-content/themes/evenex/assets/css/master9704.css]
[demo.xpeedstudio.com/evenex/meetup/wp-json/oembed/1.0/embed006c.json]
[demo.xpeedstudio.com/evenex/meetup/wp-json/oembed/1.0/embed342e]
[demo.xpeedstudio.com/evenex/meetup/speaker/jack-henry/index.html]
[demo.xpeedstudio.com/evenex/meetup/wp-content/themes/evenex/assets/css/masteradd4.css]
[demo.xpeedstudio.com/evenex/meetup/wp-json/oembed/1.0/embede7d5.json]
[demo.xpeedstudio.com/evenex/meetup/wp-json/oembed/1.0/embed4b65]
[demo.xpeedstudio.com/evenex/meetup/speaker/laura-bryant/index.html]
[demo.xpeedstudio.com/evenex/meetup/wp-content/themes/evenex/assets/css/master92d4.css]
[demo.xpeedstudio.com/evenex/meetup/wp-json/oembed/1.0/embedac4f.json]
[demo.xpeedstudio.com/evenex/meetup/wp-json/oembed/1.0/embedb622]
[demo.xpeedstudio.com/evenex/meetup/speaker/devid-arone/index.html]
[demo.xpeedstudio.com/evenex/meetup/wp-content/themes/evenex/assets/css/masteradc1.css]
[demo.xpeedstudio.com/evenex/meetup/wp-json/oembed/1.0/embed9250.json]
[demo.xpeedstudio.com/evenex/meetup/wp-json/oembed/1.0/embedee1a]
[demo.xpeedstudio.com/evenex/meetup/speaker/lucy-melisa/index.html]
[demo.xpeedstudio.com/evenex/meetup/index2d92.html]
[demo.xpeedstudio.com/evenex/meetup/wp-content/themes/evenex/assets/css/master7a70.css]
[demo.xpeedstudio.com/evenex/meetup/wp-json/oembed/1.0/embeda70b.json]
[demo.xpeedstudio.com/evenex/meetup/wp-json/oembed/1.0/embedf1bb]
[demo.xpeedstudio.com/evenex/meetup/wp-content/uploads/sites/3/2020/02/speaker-02.png]
[demo.xpeedstudio.com/evenex/meetup/speaker/devid-arone-duplicate-1/index.html]
[demo.xpeedstudio.com/evenex/meetup/speaker/lucy-melisa-duplicate-1/index.html]
[demo.xpeedstudio.com/evenex/meetup/wp-content/themes/evenex/assets/css/master1519.css]
[demo.xpeedstudio.com/evenex/meetup/wp-json/oembed/1.0/embeda89c.json]
[demo.xpeedstudio.com/evenex/meetup/wp-json/oembed/1.0/embed8b01]
[demo.xpeedstudio.com/evenex/meetup/speaker/felicia-iowa/index.html]
[demo.xpeedstudio.com/evenex/meetup/wp-content/themes/evenex/assets/css/masteraafd.css]
[demo.xpeedstudio.com/evenex/meetup/wp-json/oembed/1.0/embed2faf.json]
[demo.xpeedstudio.com/evenex/meetup/wp-json/oembed/1.0/embedbc9e]
[demo.xpeedstudio.com/evenex/meetup/speaker/calista-ella/index.html]
[demo.xpeedstudio.com/evenex/meetup/wp-json/oembed/1.0/embed841f.json]
[demo.xpeedstudio.com/evenex/meetup/wp-json/oembed/1.0/embeda1ec]
[demo.xpeedstudio.com/evenex/meetup/speaker/max-alexander/index.html]
[demo.xpeedstudio.com/evenex/meetup/wp-content/themes/evenex/assets/css/master4cd2.css]
[demo.xpeedstudio.com/evenex/meetup/wp-content/uploads/sites/3/2020/02/speaker-04.png]
[demo.xpeedstudio.com/evenex/meetup/speaker/lucy-melisa-2/index.html]
[demo.xpeedstudio.com/evenex/meetup/wp-content/uploads/sites/3/2020/02/speaker-05.png]
[demo.xpeedstudio.com/evenex/meetup/wp-content/uploads/sites/3/2020/02/speakers-business-1.png]
[demo.xpeedstudio.com/evenex/meetup/speaker/page/2/index.html]
[demo.xpeedstudio.com/evenex/meetup/speaker/ava-charlotte-3/index.html]
[demo.xpeedstudio.com/evenex/meetup/wp-content/uploads/sites/3/2020/02/speaker-business-4.png]
[demo.xpeedstudio.com/evenex/meetup/speaker/chris-matt/index.html]
[demo.xpeedstudio.com/evenex/meetup/wp-content/uploads/sites/3/2020/02/speakers-business-2.png]
[demo.xpeedstudio.com/evenex/meetup/speaker/linda-patricia/index.html]
[demo.xpeedstudio.com/evenex/meetup/wp-content/uploads/sites/3/2020/02/speakers-business-3.png]
[demo.xpeedstudio.com/evenex/meetup/speaker/page/3/index.html]
[demo.xpeedstudio.com/evenex/meetup/speaker/page/4/index.html]
[demo.xpeedstudio.com/evenex/meetup/wp-content/themes/evenex/assets/css/masterf374.css]
[demo.xpeedstudio.com/evenex/meetup/wp-content/themes/evenex/assets/css/master2e7e.css]
[demo.xpeedstudio.com/evenex/meetup/wp-content/uploads/sites/3/2020/01/contact-page-map-bg.jpg]
[demo.xpeedstudio.com/evenex/meetup/wp-content/uploads/sites/3/elementor/css/post-557def8.css]
[demo.xpeedstudio.com/evenex/meetup/wp-content/themes/evenex/assets/css/master4723.css]
[demo.xpeedstudio.com/evenex/meetup/indexc9d1.html]
[demo.xpeedstudio.com/evenex/meetup/wp-content/uploads/sites/3/elementor/css/post-5038b6d9.css]
[demo.xpeedstudio.com/evenex/meetup/wp-content/themes/evenex/assets/css/mastere3d1.css]
[demo.xpeedstudio.com/evenex/meetup/index78ee.html]
[demo.xpeedstudio.com/evenex/meetup/wp-content/uploads/sites/3/elementor/css/post-125dc2d.css]
[demo.xpeedstudio.com/evenex/meetup/index5070.html]
[demo.xpeedstudio.com/evenex/meetup/wp-content/uploads/sites/3/elementor/css/post-194dc2d.css]
[demo.xpeedstudio.com/evenex/meetup/wp-content/plugins/metform/public/assets/css/metform-ui431f.css]
[demo.xpeedstudio.com/evenex/meetup/wp-content/plugins/metform/public/assets/css/style431f.css]
[demo.xpeedstudio.com/evenex/meetup/wp-content/uploads/sites/3/elementor/css/post-6140336.css]
[demo.xpeedstudio.com/evenex/meetup/index08c1.html]
[demo.xpeedstudio.com/evenex/meetup/wp-content/uploads/sites/3/elementor/css/post-455467a.css]
[demo.xpeedstudio.com/evenex/meetup/wp-content/themes/evenex/assets/css/masterc68a.css]
[demo.xpeedstudio.com/evenex/meetup/index9e38.html]
[demo.xpeedstudio.com/evenex/meetup/wp-content/uploads/sites/3/2020/02/pricing-doller.png]
[i.ibb.co/ZBwkwWY/mask.png]
[i.ibb.co/myRzgmC/masking-pricing-table.png]
[demo.xpeedstudio.com/evenex/meetup/wp-content/uploads/sites/3/elementor/css/post-7492ad2.css]
[demo.xpeedstudio.com/evenex/meetup/wp-content/themes/evenex/assets/css/masterd77c.css]
[demo.xpeedstudio.com/evenex/meetup/index16d5.html]
[demo.xpeedstudio.com/evenex/meetup/wp-content/uploads/sites/3/elementor/css/post-1101d3.css]
[demo.xpeedstudio.com/evenex/meetup/index5757.html]
[demo.xpeedstudio.com/evenex/meetup/wp-content/uploads/sites/3/elementor/css/post-120b06c.css]
[demo.xpeedstudio.com/evenex/meetup/wp-content/uploads/sites/3/elementor/css/post-5277eef7.css]
[demo.xpeedstudio.com/evenex/meetup/wp-content/themes/evenex/assets/css/masterd569.css]
[demo.xpeedstudio.com/evenex/meetup/index171e.html]
[demo.xpeedstudio.com/evenex/meetup/wp-content/uploads/sites/3/2020/02/home-2-counter-bg.jpg]
[demo.xpeedstudio.com/evenex/meetup/wp-content/uploads/sites/3/2020/02/transparent-background-shape.png]
[demo.xpeedstudio.com/evenex/meetup/wp-content/uploads/sites/3/elementor/css/post-5279acc0.css]
[demo.xpeedstudio.com/evenex/meetup/index25cf.html]
[demo.xpeedstudio.com/evenex/meetup/wp-content/uploads/sites/3/elementor/css/post-52811b0f.css]
[demo.xpeedstudio.com/evenex/meetup/wp-content/themes/evenex/assets/css/master730d.css]
[demo.xpeedstudio.com/evenex/meetup/index7f83.html]
[demo.xpeedstudio.com/evenex/meetup/wp-content/uploads/sites/3/elementor/css/post-5287b077.css]
[demo.xpeedstudio.com/evenex/meetup/indexa813.html]
[demo.xpeedstudio.com/evenex/meetup/wp-content/uploads/sites/3/elementor/css/post-5289a798.css]
[demo.xpeedstudio.com/evenex/meetup/wp-content/themes/evenex/assets/css/master6304.css]
[demo.xpeedstudio.com/evenex/meetup/indexc56e.html]
[demo.xpeedstudio.com/evenex/meetup/wp-content/uploads/sites/3/elementor/css/post-53673d00.css]
[demo.xpeedstudio.com/evenex/meetup/index5abb.html]
[demo.xpeedstudio.com/evenex/meetup/wp-content/uploads/sites/3/elementor/css/post-53736ccf.css]
[demo.xpeedstudio.com/evenex/meetup/wp-content/themes/evenex/assets/css/mastercbec.css]
[demo.xpeedstudio.com/evenex/meetup/index984a.html]
[demo.xpeedstudio.com/evenex/meetup/wp-content/uploads/sites/3/elementor/css/post-53836cb9.css]
[demo.xpeedstudio.com/evenex/meetup/index72ad.html]
[demo.xpeedstudio.com/evenex/meetup/wp-content/uploads/sites/3/2020/02/L-shpe-dots.png]
[demo.xpeedstudio.com/evenex/meetup/wp-content/uploads/sites/3/2020/02/iconbox-overlay.png]
[demo.xpeedstudio.com/evenex/meetup/wp-content/uploads/sites/3/elementor/css/post-5394b70a.css]
[demo.xpeedstudio.com/evenex/meetup/wp-content/themes/evenex/assets/css/mastera495.css]
[demo.xpeedstudio.com/evenex/meetup/indexfe88.html]
[demo.xpeedstudio.com/evenex/meetup/wp-content/uploads/sites/3/elementor/css/post-540063f8.css]
[demo.xpeedstudio.com/evenex/meetup/index683f.html]
[demo.xpeedstudio.com/evenex/meetup/wp-content/uploads/sites/3/elementor/css/post-5419ecd0.css]
[demo.xpeedstudio.com/evenex/meetup/wp-content/uploads/sites/3/elementor/css/post-5425ecd0.css]
[demo.xpeedstudio.com/evenex/meetup/wp-content/uploads/sites/3/elementor/css/post-54382f12.css]
[demo.xpeedstudio.com/evenex/meetup/index8657.html]
[demo.xpeedstudio.com/evenex/meetup/wp-content/uploads/sites/3/elementor/css/post-54422969.css]
[demo.xpeedstudio.com/evenex/meetup/wp-content/themes/evenex/assets/css/master2f96.css]
[demo.xpeedstudio.com/evenex/meetup/index0a63.html]
[demo.xpeedstudio.com/evenex/meetup/wp-content/uploads/sites/3/2020/02/home3-latest-event-bg.png]
[demo.xpeedstudio.com/evenex/meetup/wp-content/uploads/sites/3/2020/01/home-1-funfact-right-bg.png]
[demo.xpeedstudio.com/evenex/meetup/wp-content/uploads/sites/3/2020/02/transparent-pazzle-shape.png]
[demo.xpeedstudio.com/evenex/meetup/wp-content/uploads/sites/3/elementor/css/post-54497ba3.css]
[demo.xpeedstudio.com/evenex/meetup/index3a5c.html]
[demo.xpeedstudio.com/evenex/meetup/wp-content/uploads/sites/3/elementor/css/post-5458c1e0.css]
[demo.xpeedstudio.com/evenex/meetup/index6eb8.html]
[demo.xpeedstudio.com/evenex/meetup/wp-content/uploads/sites/3/2020/02/cta_bg.png]
[wp.xpeedstudio.com/sassico/wp-content/uploads/2019/12/subscribe-form-bg.jpg]
[demo.xpeedstudio.com/evenex/meetup/wp-content/uploads/sites/3/elementor/css/post-5462e410.css]
[demo.xpeedstudio.com/evenex/meetup/wp-content/themes/evenex/assets/css/masterda29.css]
[demo.xpeedstudio.com/evenex/meetup/index2fa8.html]
[demo.xpeedstudio.com/evenex/meetup/wp-content/uploads/sites/3/2020/02/home-2-video-bg.jpg]
[wp.xpeedstudio.com/sassico/wp-content/uploads/2019/12/video-popup-img-2.jpg]
[wp.xpeedstudio.com/sassico/wp-content/uploads/2019/12/video-popup-img-3.jpg]
[wp.xpeedstudio.com/sassico/wp-content/uploads/2019/12/video-popup-img-4.jpg]
[demo.xpeedstudio.com/evenex/meetup/wp-content/uploads/sites/3/elementor/css/post-5467e5d3.css]
[demo.xpeedstudio.com/evenex/meetup/index8730.html]
[demo.xpeedstudio.com/evenex/meetup/wp-content/uploads/sites/3/elementor/css/post-5471b59a.css]
[demo.xpeedstudio.com/evenex/meetup/wp-content/themes/evenex/assets/css/masterf713.css]
[demo.xpeedstudio.com/evenex/meetup/index3043.html]
[demo.xpeedstudio.com/evenex/meetup/wp-content/uploads/sites/3/2020/02/iconbox-overlay2.png]
[demo.xpeedstudio.com/evenex/meetup/wp-content/uploads/sites/3/elementor/css/post-54764c87.css]
[demo.xpeedstudio.com/evenex/meetup/index8e87.html]
[demo.xpeedstudio.com/evenex/meetup/wp-content/uploads/sites/3/2020/01/banner-image.jpg]
[demo.xpeedstudio.com/evenex/meetup/wp-content/uploads/sites/3/elementor/css/post-54839b7d.css]
[demo.xpeedstudio.com/evenex/meetup/wp-content/themes/evenex/assets/css/master7029.css]
[demo.xpeedstudio.com/evenex/meetup/indexd305.html]
[demo.xpeedstudio.com/evenex/meetup/wp-content/uploads/sites/3/elementor/css/post-5488c9a9.css]
[demo.xpeedstudio.com/evenex/meetup/wp-content/themes/evenex/assets/css/master31ef.css]
[demo.xpeedstudio.com/evenex/meetup/index3c5d.html]
[wp.xpeedstudio.com/sassico/wp-content/uploads/2019/12/bg1.jpg]
[demo.xpeedstudio.com/evenex/meetup/wp-content/uploads/sites/3/elementor/css/post-549865be.css]
[demo.xpeedstudio.com/evenex/meetup/index755e.html]
[demo.xpeedstudio.com/evenex/meetup/wp-content/themes/evenex/assets/css/masterccf1.css]
[demo.xpeedstudio.com/evenex/meetup/index520e.html]
[demo.xpeedstudio.com/evenex/meetup/wp-content/themes/evenex/assets/css/master3647.css]
[demo.xpeedstudio.com/evenex/meetup/index98e3.html]
[demo.xpeedstudio.com/evenex/meetup/wp-content/themes/evenex/assets/css/master7887.css]
[demo.xpeedstudio.com/evenex/meetup/wp-json/oembed/1.0/embedc32f.json]
[demo.xpeedstudio.com/evenex/meetup/wp-json/oembed/1.0/embedd5c9]
[demo.xpeedstudio.com/evenex/meetup/speaker/james-william/index.html]
[demo.xpeedstudio.com/evenex/meetup/wp-content/themes/evenex/assets/css/master5e05.css]
[demo.xpeedstudio.com/evenex/meetup/index31ec.html]
[demo.xpeedstudio.com/evenex/meetup/indexcd9f.html]
[demo.xpeedstudio.com/evenex/meetup/wp-content/themes/evenex/assets/css/master67a3.css]
[demo.xpeedstudio.com/evenex/meetup/index3522.html]
[demo.xpeedstudio.com/evenex/meetup/index0142.html]
[demo.xpeedstudio.com/evenex/meetup/wp-content/themes/evenex/assets/css/mastere0e5.css]
[demo.xpeedstudio.com/evenex/meetup/indexdbfc.html]
[demo.xpeedstudio.com/evenex/meetup/index08a6.html]
[demo.xpeedstudio.com/evenex/meetup/wp-content/themes/evenex/assets/css/master0f06.css]
[demo.xpeedstudio.com/evenex/meetup/index398e.html]
[demo.xpeedstudio.com/evenex/meetup/indexd82f.html]
[demo.xpeedstudio.com/evenex/meetup/wp-content/themes/evenex/assets/css/mastere1f9.css]
[demo.xpeedstudio.com/evenex/meetup/indexa055.html]
[demo.xpeedstudio.com/evenex/meetup/wp-content/themes/evenex/assets/css/masterc5fd.css]
[demo.xpeedstudio.com/evenex/meetup/indexf417.html]
[demo.xpeedstudio.com/evenex/meetup/wp-content/themes/evenex/assets/css/master051a.css]
[demo.xpeedstudio.com/evenex/meetup/index42d2.html]
[demo.xpeedstudio.com/evenex/meetup/wp-content/themes/evenex/assets/css/master69c2.css]
[demo.xpeedstudio.com/evenex/meetup/index9eb5.html]
[demo.xpeedstudio.com/evenex/meetup/wp-content/themes/evenex/assets/css/mastera0e4.css]
[demo.xpeedstudio.com/evenex/meetup/indexa07b.html]
[demo.xpeedstudio.com/evenex/meetup/wp-content/themes/evenex/assets/css/masterac1f.css]
[demo.xpeedstudio.com/evenex/meetup/index0fed.html]
[demo.xpeedstudio.com/evenex/meetup/wp-content/themes/evenex/assets/css/master1c17.css]
[demo.xpeedstudio.com/evenex/meetup/index42c3.html]
[demo.xpeedstudio.com/evenex/meetup/wp-content/themes/evenex/assets/css/masterab3d.css]
[demo.xpeedstudio.com/evenex/meetup/wp-json/oembed/1.0/embed84cc.json]
[demo.xpeedstudio.com/evenex/meetup/wp-json/oembed/1.0/embed8ed5]
[demo.xpeedstudio.com/evenex/meetup/speaker/jacob-keith/index.html]
[demo.xpeedstudio.com/evenex/meetup/wp-content/themes/evenex/assets/css/masterf02d.css]
[demo.xpeedstudio.com/evenex/meetup/index9be9.html]
[demo.xpeedstudio.com/evenex/meetup/tag/conference/feed/index.html]
[demo.xpeedstudio.com/evenex/meetup/wp-content/themes/evenex/assets/css/master5093.css]
[demo.xpeedstudio.com/evenex/meetup/wp-json/wp/v2/tags/8.json]
[demo.xpeedstudio.com/evenex/meetup/tag/conference/index.html]
[demo.xpeedstudio.com/evenex/meetup/tag/evenx/feed/index.html]
[demo.xpeedstudio.com/evenex/meetup/wp-json/wp/v2/tags/7.json]
[demo.xpeedstudio.com/evenex/meetup/tag/evenx/index.html]
[demo.xpeedstudio.com/evenex/meetup/tag/wordpress/feed/index.html]
[demo.xpeedstudio.com/evenex/meetup/wp-content/themes/evenex/assets/css/master6010.css]
[demo.xpeedstudio.com/evenex/meetup/wp-json/wp/v2/tags/9.json]
[demo.xpeedstudio.com/evenex/meetup/tag/wordpress/index.html]
[demo.xpeedstudio.com/evenex/meetup/wp-content/themes/evenex/assets/css/master4ff6.css]
[demo.xpeedstudio.com/evenex/meetup/wp-content/themes/evenex/assets/css/masterf0d6.css]
[demo.xpeedstudio.com/evenex/meetup/index12c3.html]
[demo.xpeedstudio.com/evenex/meetup/wp-content/themes/evenex/assets/css/mastera191.css]
[demo.xpeedstudio.com/evenex/meetup/index0a64.html]
[demo.xpeedstudio.com/evenex/meetup/wp-content/themes/evenex/assets/css/master830c.css]
[demo.xpeedstudio.com/evenex/meetup/tag/networking/feed/index.html]
[demo.xpeedstudio.com/evenex/meetup/wp-json/wp/v2/tags/12.json]
[demo.xpeedstudio.com/evenex/meetup/tag/networking/index.html]
[demo.xpeedstudio.com/evenex/meetup/wp-content/themes/evenex/assets/css/masterbf46.css]
[demo.xpeedstudio.com/evenex/meetup/wp-includes/fonts/dashicons7d4b.eot]
[demo.xpeedstudio.com/evenex/meetup/wp-includes/css/dashicons.min76f9.css]
[demo.xpeedstudio.com/evenex/meetup/wp-includes/css/buttons.min76f9.css]
[demo.xpeedstudio.com/evenex/meetup/wp-includes/fonts/dashicons7d4b.ttf]
[demo.xpeedstudio.com/evenex/meetup/wp-admin/images/loading.gif]
[demo.xpeedstudio.com/evenex/meetup/wp-admin/css/forms.min76f9.css]
[demo.xpeedstudio.com/evenex/meetup/wp-admin/css/l10n.min76f9.css]
[demo.xpeedstudio.com/evenex/meetup/wp-admin/images/w-logo-blue7a53.png]
[demo.xpeedstudio.com/evenex/meetup/wp-admin/images/wordpress-logo7d6b.svg]
[demo.xpeedstudio.com/evenex/meetup/wp-admin/css/login.min76f9.css]
[demo.xpeedstudio.com/evenex/meetup/wp-content/themes/evenex/assets/css/master5abc.css]
[demo.xpeedstudio.com/evenex/meetup/index74cf.html]
[demo.xpeedstudio.com/evenex/meetup/wp-content/themes/evenex/assets/css/master5529.css]
[demo.xpeedstudio.com/evenex/meetup/index5806.html]
[demo.xpeedstudio.com/evenex/meetup/wp-content/themes/evenex/assets/css/master9704.css]
[demo.xpeedstudio.com/evenex/meetup/index0dc2.html]
[demo.xpeedstudio.com/evenex/meetup/wp-content/themes/evenex/assets/css/masteradd4.css]
[demo.xpeedstudio.com/evenex/meetup/indexf710.html]
[demo.xpeedstudio.com/evenex/meetup/wp-content/themes/evenex/assets/css/master92d4.css]
[demo.xpeedstudio.com/evenex/meetup/index09e1.html]
[demo.xpeedstudio.com/evenex/meetup/wp-content/themes/evenex/assets/css/masteradc1.css]
[demo.xpeedstudio.com/evenex/meetup/index25b5.html]
[demo.xpeedstudio.com/evenex/meetup/wp-content/themes/evenex/assets/css/master7a70.css]
[demo.xpeedstudio.com/evenex/meetup/index3529.html]
[demo.xpeedstudio.com/evenex/meetup/wp-content/themes/evenex/assets/css/master5793.css]
[demo.xpeedstudio.com/evenex/meetup/wp-json/oembed/1.0/embedcdb9.json]
[demo.xpeedstudio.com/evenex/meetup/wp-json/oembed/1.0/embed0b8e]
[demo.xpeedstudio.com/evenex/meetup/speaker/lucy-melisa-duplicate-1/index.html]
[demo.xpeedstudio.com/evenex/meetup/wp-content/themes/evenex/assets/css/master1519.css]
[demo.xpeedstudio.com/evenex/meetup/index4418.html]
[demo.xpeedstudio.com/evenex/meetup/wp-content/themes/evenex/assets/css/masteraafd.css]
[demo.xpeedstudio.com/evenex/meetup/indexcc6c.html]
[demo.xpeedstudio.com/evenex/meetup/indexd223.html]
[demo.xpeedstudio.com/evenex/meetup/wp-content/themes/evenex/assets/css/master4cd2.css]
[demo.xpeedstudio.com/evenex/meetup/wp-content/themes/evenex/assets/css/masterc0c0.css]
[demo.xpeedstudio.com/evenex/meetup/wp-json/oembed/1.0/embed69d1.json]
[demo.xpeedstudio.com/evenex/meetup/wp-json/oembed/1.0/embed5f56]
[demo.xpeedstudio.com/evenex/meetup/speaker/lucy-melisa-2/index.html]
[demo.xpeedstudio.com/evenex/meetup/wp-content/themes/evenex/assets/css/master20d8.css]
[demo.xpeedstudio.com/evenex/meetup/wp-json/oembed/1.0/embed5d71.json]
[demo.xpeedstudio.com/evenex/meetup/wp-json/oembed/1.0/embed792a]
[demo.xpeedstudio.com/evenex/meetup/speaker/ava-charlotte-3/index.html]
[demo.xpeedstudio.com/evenex/meetup/wp-content/themes/evenex/assets/css/master2bad.css]
[demo.xpeedstudio.com/evenex/meetup/wp-json/oembed/1.0/embedbb73.json]
[demo.xpeedstudio.com/evenex/meetup/wp-json/oembed/1.0/embed2988]
[demo.xpeedstudio.com/evenex/meetup/speaker/chris-matt/index.html]
[demo.xpeedstudio.com/evenex/meetup/wp-content/themes/evenex/assets/css/master47d6.css]
[demo.xpeedstudio.com/evenex/meetup/wp-json/oembed/1.0/embed9df1.json]
[demo.xpeedstudio.com/evenex/meetup/wp-json/oembed/1.0/embedb6f0]
[demo.xpeedstudio.com/evenex/meetup/speaker/linda-patricia/index.html]
[demo.xpeedstudio.com/evenex/meetup/wp-content/themes/evenex/assets/css/masterf374.css]
[demo.xpeedstudio.com/evenex/meetup/wp-content/themes/evenex/assets/css/master7887.css]
[demo.xpeedstudio.com/evenex/meetup/index064e.html]
[demo.xpeedstudio.com/evenex/meetup/wp-content/themes/evenex/assets/css/masterab3d.css]
[demo.xpeedstudio.com/evenex/meetup/index1771.html]
[demo.xpeedstudio.com/evenex/meetup/wp-content/themes/evenex/assets/css/master5093.css]
[demo.xpeedstudio.com/evenex/meetup/wp-content/themes/evenex/assets/css/master6010.css]
[demo.xpeedstudio.com/evenex/meetup/wp-content/themes/evenex/assets/css/master830c.css]
[demo.xpeedstudio.com/evenex/meetup/wp-admin/images/wordpress-logo7d6b.svg]
[demo.xpeedstudio.com/evenex/meetup/wp-content/themes/evenex/assets/css/master5793.css]
[demo.xpeedstudio.com/evenex/meetup/indexceaa.html]
[demo.xpeedstudio.com/evenex/meetup/wp-content/themes/evenex/assets/css/masterc0c0.css]
[demo.xpeedstudio.com/evenex/meetup/index1446.html]
[demo.xpeedstudio.com/evenex/meetup/wp-content/themes/evenex/assets/css/master20d8.css]
[demo.xpeedstudio.com/evenex/meetup/index0bac.html]
[demo.xpeedstudio.com/evenex/meetup/wp-content/themes/evenex/assets/css/master2bad.css]
[demo.xpeedstudio.com/evenex/meetup/indexe3ae.html]
[demo.xpeedstudio.com/evenex/meetup/wp-content/themes/evenex/assets/css/master47d6.css]
[demo.xpeedstudio.com/evenex/meetup/index4d96.html]
